Archive member included because of file (symbol)

C:/msys/1.0/local/ps2dev/ps2sdk/ee/lib\libhdd.a(libhdd.o)
                              obj/SMS_IOP.o (hddCheckPresent)
C:/msys/1.0/local/ps2dev/ps2sdk/ee/lib\libpoweroff.a(poweroff.o)
                              obj/SMS_IOP.o (poweroffInit)
C:/msys/1.0/local/ps2dev/ps2sdk/ee/lib\libpatches.a(patch_enable_lmb.o)
                              obj/SMS_IOP.o (sbv_patch_enable_lmb)
C:/msys/1.0/local/ps2dev/ps2sdk/ee/lib\libpatches.a(patch_disable_prefix_check.o)
                              obj/SMS_IOP.o (sbv_patch_disable_prefix_check)
C:/msys/1.0/local/ps2dev/ps2sdk/ee/lib\libpatches.a(smem.o)
                              C:/msys/1.0/local/ps2dev/ps2sdk/ee/lib\libpatches.a(patch_enable_lmb.o) (smem_read)
C:/msys/1.0/local/ps2dev/ps2sdk/ee/lib\libpatches.a(smod.o)
                              C:/msys/1.0/local/ps2dev/ps2sdk/ee/lib\libpatches.a(patch_enable_lmb.o) (smod_get_mod_by_name)
C:/msys/1.0/local/ps2dev/ps2sdk/ee/lib\libpatches.a(slib.o)
                              C:/msys/1.0/local/ps2dev/ps2sdk/ee/lib\libpatches.a(patch_enable_lmb.o) (slib_get_exp_lib)
C:/msys/1.0/local/ps2dev/ps2sdk/ee/lib\libfileXio.a(fileXio_rpc.o)
                              obj/SMS_GUIFileMenu.o (fileXioMount)
C:/msys/1.0/local/ps2dev/ps2sdk/ee/lib\libc.a(memcpy.o)
                              obj/SMS_EE.o (memcpy)
C:/msys/1.0/local/ps2dev/ps2sdk/ee/lib\libc.a(memset.o)
                              obj/SMS_MP123Core.o (memset)
C:/msys/1.0/local/ps2dev/ps2sdk/ee/lib\libc.a(strncmp.o)
                              obj/SMS_FileContext.o (strncmp)
C:/msys/1.0/local/ps2dev/ps2sdk/ee/lib\libc.a(memcmp.o)
                              obj/SMS_MPEG4.o (memcmp)
C:/msys/1.0/local/ps2dev/ps2sdk/ee/lib\libc.a(memmove.o)
                              obj/SMS_MPEG.o (memmove)
C:/msys/1.0/local/ps2dev/ps2sdk/ee/lib\libc.a(strcpy.o)
                              obj/SMS_FileContext.o (strcpy)
C:/msys/1.0/local/ps2dev/ps2sdk/ee/lib\libc.a(strncpy.o)
                              obj/SMS_IOP.o (strncpy)
C:/msys/1.0/local/ps2dev/ps2sdk/ee/lib\libc.a(strlen.o)
                              obj/SMS_FileContext.o (strlen)
C:/msys/1.0/local/ps2dev/ps2sdk/ee/lib\libc.a(strchr.o)
                              obj/SMS_GUIFileMenu.o (strchr)
C:/msys/1.0/local/ps2dev/ps2sdk/ee/lib\libc.a(strcmp.o)
                              obj/SMS_FileContext.o (strcmp)
C:/msys/1.0/local/ps2dev/ps2sdk/ee/lib\libc.a(sprintf.o)
                              obj/SMS_Player.o (sprintf)
C:/msys/1.0/local/ps2dev/ps2sdk/ee/lib\libc.a(sscanf.o)
                              obj/SMS_ContainerM3U.o (sscanf)
C:/msys/1.0/local/ps2dev/ps2sdk/ee/lib\libc.a(_xscanf_internals.o)
                              C:/msys/1.0/local/ps2dev/ps2sdk/ee/lib\libc.a(sscanf.o) (_s_xgetc)
C:/msys/1.0/local/ps2dev/ps2sdk/ee/lib\libc.a(malloc.o)
                              obj/SMS_GS_1.o (malloc)
C:/msys/1.0/local/ps2dev/ps2sdk/ee/lib\libc.a(realloc.o)
                              obj/SMS_GS_1.o (realloc)
C:/msys/1.0/local/ps2dev/ps2sdk/ee/lib\libc.a(calloc.o)
                              obj/SMS_MPEG.o (calloc)
C:/msys/1.0/local/ps2dev/ps2sdk/ee/lib\libc.a(memalign.o)
                              obj/SMS_IPU.o (memalign)
C:/msys/1.0/local/ps2dev/ps2sdk/ee/lib\libc.a(free.o)
                              obj/SMS_GS_1.o (free)
C:/msys/1.0/local/ps2dev/ps2sdk/ee/lib\libc.a(__alloc_internals.o)
                              C:/msys/1.0/local/ps2dev/ps2sdk/ee/lib\libc.a(malloc.o) (_ps2sdk_alloc_lock)
C:/msys/1.0/local/ps2dev/ps2sdk/ee/lib\libc.a(strcasecmp.o)
                              obj/SMS_List.o (strcasecmp)
C:/msys/1.0/local/ps2dev/ps2sdk/ee/lib\libc.a(strtok.o)
                              obj/SMS_SubtitleContext.o (strtok)
C:/msys/1.0/local/ps2dev/ps2sdk/ee/lib\libc.a(strrchr.o)
                              obj/SMS_GUIFileMenu.o (strrchr)
C:/msys/1.0/local/ps2dev/ps2sdk/ee/lib\libc.a(strstr.o)
                              obj/SMS_SubtitleContext.o (strstr)
C:/msys/1.0/local/ps2dev/ps2sdk/ee/lib\libc.a(strcpy_sjis.o)
                              obj/SMS_Config.o (strcpy_sjis)
C:/msys/1.0/local/ps2dev/ps2sdk/ee/lib\libc.a(strpbrk.o)
                              obj/SMS_FileContext.o (strpbrk)
C:/msys/1.0/local/ps2dev/ps2sdk/ee/lib\libc.a(tolower.o)
                              C:/msys/1.0/local/ps2dev/ps2sdk/ee/lib\libc.a(strcasecmp.o) (tolower)
C:/msys/1.0/local/ps2dev/ps2sdk/ee/lib\libc.a(toupper.o)
                              obj/SMS_Codec.o (toupper)
C:/msys/1.0/local/ps2dev/ps2sdk/ee/lib\libc.a(isupper.o)
                              C:/msys/1.0/local/ps2dev/ps2sdk/ee/lib\libc.a(tolower.o) (isupper)
C:/msys/1.0/local/ps2dev/ps2sdk/ee/lib\libc.a(islower.o)
                              C:/msys/1.0/local/ps2dev/ps2sdk/ee/lib\libc.a(toupper.o) (islower)
C:/msys/1.0/local/ps2dev/ps2sdk/ee/lib\libc.a(isdigit.o)
                              obj/SMS_MPEG4.o (isdigit)
C:/msys/1.0/local/ps2dev/ps2sdk/ee/lib\libc.a(isspace.o)
[...]
Memory Configuration

Name             Origin             Length             Attributes
*default*        0x0000000000000000 0xffffffffffffffff

Linker script and memory map

LOAD C:\msys\1.0\local\ps2dev\ee\bin\..\lib\gcc-lib\ee\3.2.2\crti.o
LOAD C:\msys\1.0\local\ps2dev\ee\bin\..\lib\gcc-lib\ee\3.2.2\crtbegin.o
LOAD C:/msys/1.0/local/ps2dev/ps2sdk/ee/startup/crt0.o
LOAD obj/main.o
LOAD obj/SMS_GS_0.o
LOAD obj/SMS_GS_1.o
LOAD obj/SMS_GS_2.o
LOAD obj/SMS_Timer.o
LOAD obj/SMS_IPU.o
LOAD obj/SMS_Bitio.o
LOAD obj/SMS_MP123Core.o
LOAD obj/SMS_FileContext.o
LOAD obj/SMS_H263.o
LOAD obj/SMS_DSP.o
LOAD obj/SMS_DSP_MMI.o
LOAD obj/SMS_MPEG.o
LOAD obj/SMS_VLC.o
LOAD obj/SMS_MPEG4.o
LOAD obj/SMS_MPEG2.o
LOAD obj/SMS_MP123.o
LOAD obj/SMS_SPU.o
LOAD obj/SMS_CDDA.o
LOAD obj/SMS_Codec.o
LOAD obj/SMS_SIF.o
LOAD obj/SMS_Player.o
LOAD obj/SMS_AC3.o
LOAD obj/SMS_AC3_imdct.o
LOAD obj/SMS_MSMPEG4.o
LOAD obj/SMS_VideoBuffer.o
LOAD obj/SMS_PlayerControl.o
LOAD obj/SMS_PlayerBallSim.o
LOAD obj/SMS_CDVD.o
LOAD obj/SMS_EE.o
LOAD obj/SMS_IOP.o
LOAD obj/SMS_PAD.o
LOAD obj/SMS_MC.o
LOAD obj/SMS_RingBuffer.o
LOAD obj/SMS_Container.o
LOAD obj/SMS_ContainerAVI.o
LOAD obj/SMS_ContainerMP3.o
LOAD obj/SMS_ContainerM3U.o
LOAD obj/SMS_List.o
LOAD obj/SMS_Config.o
LOAD obj/About.o
LOAD obj/SMS_Data.o
LOAD obj/SMS_GSFont.o
LOAD obj/SMS_GUIcons.o
LOAD obj/SMS_ConfigIcon.o
LOAD obj/SMS_GUI.o
LOAD obj/SMS_GUIDesktop.o
LOAD obj/SMS_GUIDevMenu.o
LOAD obj/SMS_GUIFileMenu.o
LOAD obj/SMS_Locale.o
LOAD obj/SMS_FileDir.o
LOAD obj/SMS_GUIMenu.o
LOAD obj/SMS_GUIMenuSMS.o
LOAD obj/SMS_SubtitleContext.o
LOAD obj/SMS_GUICmdProc.o
LOAD obj/SMS_PlayerMenu.o
LOAD obj/SMS_GUIMiniBrowser.o
LOAD obj/SMS_Sounds.o
LOAD obj/SMS_DSP_QPel.o
LOAD obj/SMS_Spectrum.o
LOAD obj/SMS_Utils.o
LOAD obj/SMS_DSP_FFT.o
LOAD obj/SMS_DMA_0.o
LOAD obj/SMS_IPU_0.o
LOAD obj/SMS_IPU_1.o
LOAD obj/SMS_GUIFileCtxMenu.o
LOAD obj/SMS_RC.o
LOAD obj/SMS_RC_0.o
LOAD obj/SMS_InverseCodePages.o
LOAD obj/SMS_ContainerMPEG_PS.o
LOAD obj/SMS_MPEG12.o
LOAD obj/libmpeg.o
LOAD obj/libmpeg_core.o
LOAD obj/SMS_DXSB.o
LOAD C:/msys/1.0/local/ps2dev/ps2sdk/ee/lib\libhdd.a
LOAD C:/msys/1.0/local/ps2dev/ps2sdk/ee/lib\libpoweroff.a
LOAD C:/msys/1.0/local/ps2dev/ps2sdk/ee/lib\libpatches.a
LOAD C:/msys/1.0/local/ps2dev/ps2sdk/ee/lib\libfileXio.a
LOAD C:/msys/1.0/local/ps2dev/ps2sdk/ee/lib\libc.a
LOAD C:/msys/1.0/local/ps2dev/ps2sdk/ee/lib\libkernel.a
LOAD C:\msys\1.0\local\ps2dev\ee\bin\..\lib\gcc-lib\ee\3.2.2\libgcc.a
LOAD C:\msys\1.0\local\ps2dev\ee\bin\..\lib\gcc-lib\ee\3.2.2\libgcc.a
LOAD C:\msys\1.0\local\ps2dev\ee\bin\..\lib\gcc-lib\ee\3.2.2\crtend.o
LOAD C:\msys\1.0\local\ps2dev\ee\bin\..\lib\gcc-lib\ee\3.2.2\crtn.o

.text           0x0000000000100000    0x529f8
                0x0000000000100000                _ftext = .
 *(.text)
 .text          0x0000000000100000       0xd8 C:\msys\1.0\local\ps2dev\ee\bin\..\lib\gcc-lib\ee\3.2.2\crtbegin.o
 .text          0x00000000001000d8      0x190 C:/msys/1.0/local/ps2dev/ps2sdk/ee/startup/crt0.o
                0x00000000001000e0                _start
                0x0000000000100214                _exit
 .text          0x0000000000100268       0x80 obj/main.o
                0x0000000000100268                main
 .text          0x00000000001002e8      0xbfc obj/SMS_GS_0.o
                0x000000000010098c                GS_InitLoadImage
                0x0000000000100638                GS_XYZv
                0x00000000001003c8                GS_InitDC
                0x0000000000100620                GS_XYZF
                0x00000000001002e8                GS_Params
                0x00000000001008c8                GS_InitClear
                0x0000000000100d64                GS_RenderRoundRect
                0x0000000000100eb0                GS_TWTH
                0x0000000000100e80                GS_VSync
                0x0000000000100ad8                GS_RRV
                0x00000000001006dc                GS_InitGC
                0x000000000010084c                GS_SetGC
                0x0000000000100abc                GS_LoadImage
                0x0000000000100980                GS_Clear
                0x0000000000100578                GS_SetDC
                0x00000000001002f0                GS_Reset
                0x00000000001005d4                GS_XYZ
 *fill*         0x0000000000100ee4        0x4 00
 .text          0x0000000000100ee8      0xc28 obj/SMS_GS_1.o
                0x00000000001018d0                GSContext_RenderTexSprite
                0x00000000001014e8                GSContext_DeleteList
                0x00000000001016d8                GSContext_InitBitBlt
                0x0000000000101a20                GSContext_RenderVGRect
                0x00000000001011e0                GSContext_NewPacket
                0x0000000000101618                GSContext_SetTextColor
                0x0000000000101380                GSContext_Flush
                0x0000000000101510                GSContext_CallList
                0x0000000000100ee8                GSContext_Init
                0x0000000000101498                GSContext_NewList
                0x0000000000101830                GSContext_BitBlt
 .text          0x0000000000101b10      0xd98 obj/SMS_GS_2.o
                0x0000000000102380                GSFont_Render
                0x0000000000102878                GSFont_Set
                0x00000000001025a8                GSFont_RenderEx
                0x00000000001021e8                GSFont_WidthEx
                0x0000000000101e70                GSFont_Init
                0x00000000001020c0                GSFont_Width
 .text          0x00000000001028a8      0x230 obj/SMS_Timer.o
                0x000000000010296c                SMS_iTimerSet
                0x00000000001029d0                SMS_iTimerReset
                0x0000000000102904                SMS_TimerDestroy
                0x00000000001029e4                SMS_TimerWait
                0x00000000001028a8                SMS_TimerInit
                0x0000000000102930                SMS_TimerSet
                0x0000000000102988                SMS_TimerReset
 .text          0x0000000000102ad8     0x1c58 obj/SMS_IPU.o
                0x0000000000104158                IPU_InitContext
 .text          0x0000000000104730      0x1c0 obj/SMS_Bitio.o
                0x0000000000104848                SMS_ShowBitsLong
                0x0000000000104730                SMS_InitGetBits
                0x0000000000104778                SMS_GetBitsLong
 .text          0x00000000001048f0      0xd14 obj/SMS_MP123Core.o
                0x00000000001048f0                MP123_CoreInit
                0x0000000000104c10                MP123_IMDCT12
                0x0000000000104e44                MP123_Synth
                0x0000000000104904                MP123_IMDCT36
 *fill*         0x0000000000105604        0x4 00
 .text          0x0000000000105608     0x21e0 obj/SMS_FileContext.o
                0x0000000000106748                CDDA_GetDiskPicture
                0x0000000000106958                CDDA_DestroyContext
                0x00000000001067c8                CDDA_InitContext
                0x0000000000107648                File_GetString
                0x00000000001073c8                STIO_InitFileContext
                0x0000000000106a60                CDDA_DestroyFileList
                0x00000000001075a8                File_Skip
                0x0000000000106a48                CDDA_DirectoryList
                0x0000000000106ac0                CDDA_GetFileList
                0x0000000000106668                CDDA_GetPicture
                0x0000000000106c18                CDDA_InitFileContext
                0x0000000000105688                STIO_SetIOMode
 .text          0x00000000001077e8      0x8c8 obj/SMS_H263.o
                0x0000000000107918                SMS_H263_PredMotion
                0x0000000000107f20                SMS_H263_DCTUnquantizeInter
                0x0000000000107c58                SMS_H263_UpdateMotionVal
                0x0000000000107de0                SMS_H263_DCTUnquantizeIntra
                0x0000000000107d80                SMS_H263_RoundChroma
                0x00000000001077e8                SMS_H263_DecodeMotion
 .text          0x00000000001080b0      0xc08 obj/SMS_DSP.o
                0x0000000000108330                DSP_GMCn_8
                0x0000000000108698                SMS_DSPContextInit
                0x00000000001080b0                DSP_GMCn_16
                0x0000000000108648                IDCT_ClrBlocks
 .text          0x0000000000108cb8     0x2050 obj/SMS_MPEG.o
                0x0000000000109678                SMS_MPEG_InitBlockIdx
                0x0000000000109bc8                SMS_MPEG_SetQScale
                0x0000000000108e20                SMS_MPEG_CleanIntraTblEntries
                0x0000000000109280                SMS_MPEG_FrameEnd
                0x0000000000108f18                SMS_MPEG_FrameStart
                0x0000000000109b18                SMS_MPEGContext_FindUnusedPic
                0x000000000010a388                SMS_MPEG_DummyCB
                0x0000000000109b80                SMS_MPEG_InitScanTable
                0x0000000000109e98                SMS_MPEG_DecodeMB
                0x00000000001099e0                SMS_MPEGContext_Destroy
                0x0000000000109740                SMS_MPEGContext_Init
 .text          0x000000000010ad08      0x6e8 obj/SMS_VLC.o
                0x000000000010b1e8                SMS_RL_Free
                0x000000000010b038                SMS_VLC_Init
                0x000000000010b3a0                SMS_VLC_RL_Free
                0x000000000010b0b8                SMS_RL_Init
                0x000000000010b238                SMS_VLC_RL_Init
                0x000000000010b098                SMS_VLC_Free
 .text          0x000000000010b3f0     0x7038 obj/SMS_MPEG4.o
                0x000000000010e1a8                MPEG4_PredAC
                0x000000000010b668                MPEG4_CommonDestroy
                0x000000000010b3f0                SMS_Codec_MPEG4_Open
                0x000000000010b450                MPEG4_CommonInit
                0x0000000000110b70                _mpeg4_decode_partitions
 .text          0x0000000000112428      0x1f0 obj/SMS_MPEG2.o
                0x0000000000112548                SMS_MPEG2_DCTUnquantizeInter
                0x0000000000112428                SMS_MPEG2_DCTUnquantizeIntra
 .text          0x0000000000112618     0x4330 obj/SMS_MP123.o
                0x0000000000113d28                MP123_DecodeHeader
                0x0000000000112738                MP123_CheckHeader
                0x0000000000112618                SMS_Codec_MP123_Open
 .text          0x0000000000116948      0x4f8 obj/SMS_SPU.o
                0x0000000000116d00                SPU_Initialize
                0x0000000000116d30                SPU_InitContext
                0x0000000000116a88                SPU_Shutdown
                0x0000000000116b80                SPU_LoadData
                0x0000000000116c38                SPU_Index2Volume
                0x0000000000116c68                SPU_PlaySound
 .text          0x0000000000116e40      0x710 obj/SMS_CDDA.o
                0x0000000000117398                CDDA_SetMediaMode
                0x0000000000116f70                CDDA_Exit
                0x0000000000117320                CDDA_Stop
                0x0000000000117210                CDDA_Synchronize
                0x0000000000117418                CDDA_DiskReady
                0x0000000000117138                CDDA_DiskType
                0x0000000000117270                CDDA_Standby
                0x0000000000117458                CDDA_RawRead
                0x00000000001172c8                CDDA_Pause
                0x0000000000116e60                CDDA_Init
                0x0000000000116ff8                CDDA_ReadTOC
 .text          0x0000000000117550      0x428 obj/SMS_Codec.o
                0x00000000001177c8                SMS_CodecReleaseBuffer
                0x0000000000117550                SMS_CodecGetID
                0x00000000001178a0                SMS_CodecGetBuffer
                0x0000000000117650                SMS_CodecOpen
                0x0000000000117748                SMS_CodecClose
 .text          0x0000000000117978       0xd0 obj/SMS_SIF.o
                0x0000000000117a20                SIF_SyncIOP
                0x0000000000117978                SIF_BindRPC
 .text          0x0000000000117a48     0x2bb8 obj/SMS_Player.o
                0x000000000011a0f0                SMS_InitPlayer
 .text          0x000000000011a600     0x48e8 obj/SMS_AC3.o
                0x000000000011a718                AC3_SyncInfo
                0x000000000011d118                _ac3_downmix
                0x000000000011bf88                _ac3_bit_allocate
                0x000000000011a600                SMS_Codec_AC3_Open
                0x000000000011cbf0                _ac3_upmix
                0x000000000011c648                _ac3_downmix_coeff
 .text          0x000000000011eee8      0xc58 obj/SMS_AC3_imdct.o
                0x000000000011f7d0                _ac3_imdct_256
                0x000000000011f5c8                _ac3_imdct_512
 .text          0x000000000011fb40     0x1c98 obj/SMS_MSMPEG4.o
                0x000000000011fb40                SMS_Codec_MSMPEG4_Open
 .text          0x00000000001217d8      0x1a0 obj/SMS_VideoBuffer.o
                0x00000000001217d8                _sms_video_buffer_alloc
                0x0000000000121868                SMS_InitVideoBuffer
 .text          0x0000000000121978     0x2968 obj/SMS_PlayerControl.o
                0x00000000001230b0                PlayerControl_FastForward
                0x0000000000124258                PlayerControl_UpdateItemNr
                0x0000000000123130                PlayerControl_ChangeSubLang
                0x0000000000123158                PlayerControl_GetLang
                0x00000000001230d0                PlayerControl_Rewind
                0x0000000000123168                PlayerControl_GetSubLang
                0x0000000000124168                PlayerControl_UpdateDuration
                0x00000000001226c8                PlayerControl_MkTime
                0x0000000000123ac8                PlayerControl_ScrollBar
                0x00000000001229d8                PlayerControl_AdjustBrightness
                0x0000000000121d70                PlayerControl_Init
                0x00000000001233e0                PlayerControl_GSPLen
                0x0000000000123178                PlayerControl_SwitchSubs
                0x00000000001233b0                PlayerControl_HandleOSD
                0x0000000000122640                PlayerControl_Destroy
                0x0000000000122718                PlayerControl_DisplayTime
                0x0000000000123108                PlayerControl_ChangeLang
                0x0000000000123448                PlayerControl_GSPacket
                0x0000000000122950                PlayerControl_AdjustVolume
 .text          0x00000000001242e0      0x3a0 obj/SMS_PlayerBallSim.o
                0x00000000001244c0                SMS_PlayerBallSim_Update
                0x0000000000124350                SMS_PlayerBallSim_Init
 .text          0x0000000000124680      0x178 obj/SMS_CDVD.o
                0x00000000001247b8                CDVD_QueryDVDV
                0x0000000000124730                CDVD_FlushCache
                0x00000000001246f0                CDVD_Stop
                0x0000000000124680                CDVD_Init
                0x0000000000124770                CDVD_SetDVDV
 .text          0x00000000001247f8      0x490 obj/SMS_EE.o
                0x0000000000124bd0                SMS_EEPort2Init
                0x0000000000124b88                SMS_EExec
                0x0000000000124b78                _exec_error
                0x0000000000124868                SMS_Rescale
                0x00000000001247f8                SMS_Linesize
                0x0000000000124ad0                SMS_EEInit
                0x0000000000124818                SMS_Realloc
                0x0000000000124a88                SMS_ReverseString
                0x0000000000124a58                SMS_rand
                0x0000000000124a18                SMS_Strcat
 .text          0x0000000000124c88      0x740 obj/SMS_IOP.o
                0x0000000000125140                SMS_IOPInit
                0x0000000000124ec0                SMS_IOPStartNet
                0x0000000000124c88                SMS_IOPSetSifCmdHandler
                0x0000000000124db0                SMS_IOPReset
                0x0000000000124d78                SMS_IOPExec
                0x0000000000125038                SMS_IOPStartUSB
                0x00000000001250c0                SMS_IOPStartHDD
 .text          0x00000000001253c8      0x5d0 obj/SMS_PAD.o
                0x0000000000125830                PAD_Read
                0x0000000000125898                PAD_SetReqState
                0x00000000001258d8                PAD_SetMainMode
                0x00000000001256b0                PAD_ClosePort
                0x00000000001254d0                PAD_Quit
                0x0000000000125768                PAD_ReqState
                0x00000000001257a8                PAD_State
                0x00000000001253c8                PAD_Init
                0x0000000000125568                PAD_OpenPort
 .text          0x0000000000125998      0x748 obj/SMS_MC.o
                0x0000000000125f78                MC_OpenS
                0x0000000000126010                MC_Seek
                0x0000000000125998                MC_Init
                0x0000000000125fc0                MC_ReadS
                0x0000000000125b10                MC_GetInfo
                0x0000000000125ee8                MC_Close
                0x0000000000125fe8                MC_CloseS
                0x0000000000125cf8                MC_Open
                0x0000000000125c18                MC_GetDir
                0x00000000001260b8                MC_SeekS
                0x0000000000125a48                MC_Sync
                0x0000000000125e08                MC_Read
 .text          0x00000000001260e0      0x4a8 obj/SMS_RingBuffer.o
                0x0000000000126350                SMS_RingBufferFree
                0x0000000000126478                SMS_RingBufferUnalloc
                0x00000000001261d0                SMS_RingBufferDestroy
                0x0000000000126190                SMS_RingBufferAddRef
                0x0000000000126560                SMS_RingBufferCount
                0x00000000001264d8                SMS_RingBufferWait
                0x00000000001260e0                SMS_RingBufferInit
                0x0000000000126400                SMS_RingBufferReset
                0x0000000000126228                SMS_RingBufferAlloc
 .text          0x0000000000126588      0x570 obj/SMS_Container.o
                0x00000000001268e0                SMSContainer_SetPTSInfo
                0x00000000001265f8                SMS_DestroyContainer
                0x0000000000126778                SMS_GetContainer
                0x00000000001268f0                SMSContainer_CalcPktFields
 .text          0x0000000000126af8     0x5568 obj/SMS_ContainerAVI.o
                0x000000000012bfa0                SMS_GetContainerAVI
 .text          0x000000000012c060      0x4d8 obj/SMS_ContainerMP3.o
                0x000000000012c3b0                SMS_GetContainerMP3
                0x000000000012c120                SMS_MP3Probe
 .text          0x000000000012c538      0xa10 obj/SMS_ContainerM3U.o
                0x000000000012c990                SMS_GetContainerM3U
 .text          0x000000000012cf48      0x5a8 obj/SMS_List.o
                0x000000000012d480                SMS_ListAppend
                0x000000000012d138                SMS_ListDestroy
                0x000000000012d1b0                SMS_ListSort
                0x000000000012d4d0                SMS_ListInit
                0x000000000012cfd8                SMS_ListPushBack
                0x000000000012d068                SMS_ListPop
                0x000000000012d318                SMS_ListRemove
                0x000000000012d440                SMS_ListFind
                0x000000000012d398                SMS_ListAt
                0x000000000012cf48                SMS_ListPush
                0x000000000012d460                SMS_ListFindI
                0x000000000012d0d0                SMS_ListPopBack
 .text          0x000000000012d4f0      0x748 obj/SMS_Config.o
                0x000000000012d5b0                SMS_LoadConfig
                0x000000000012da00                SMS_SaveConfig
 .text          0x000000000012dc38        0x8 obj/About.o
                0x000000000012dc38                About
 .text          0x000000000012dc40      0x378 obj/SMS_GUIcons.o
                0x000000000012dc40                GUI_LoadIcons
                0x000000000012df00                GUI_DrawIcon
 .text          0x000000000012dfb8     0x1338 obj/SMS_GUI.o
                0x000000000012ed98                GUI_Suspend
                0x000000000012ee00                GUI_WaitEvent
                0x000000000012efa8                GUI_PostMessage
                0x000000000012e1e0                GUI_ReadButtons2
                0x000000000012ea90                GUI_Initialize
                0x000000000012e8e8                GUI_SetColors
                0x000000000012e9b0                _set_dx_dy
                0x000000000012e160                GUI_ReadButtons0
                0x000000000012edc8                GUI_Resume
                0x000000000012e478                GUI_UpdateStatus
                0x000000000012f070                GUI_Run
                0x000000000012e1a0                GUI_ReadButtons1
                0x000000000012e010                GUI_Redraw
                0x000000000012efe8                GUI_DeleteObject
                0x000000000012e118                GUI_AddObject
                0x000000000012ef00                GUI_WaitButtons
 .text          0x000000000012f2f0      0xb30 obj/SMS_GUIDesktop.o
                0x000000000012fa80                GUI_Error
                0x000000000012fc00                GUI_Progress
                0x000000000012f8b0                GUI_CreateStatusLine
                0x000000000012f738                GUI_CreateDesktop
                0x000000000012f8e8                GUI_Status
 .text          0x000000000012fe20      0xa98 obj/SMS_GUIDevMenu.o
                0x0000000000130840                GUI_CreateDevMenu
 .text          0x00000000001308b8     0x17f8 obj/SMS_GUIFileMenu.o
                0x0000000000132018                GUI_CreateFileMenu
                0x0000000000131150                RestoreFileDir
 .text          0x00000000001320b0      0x238 obj/SMS_Locale.o
                0x00000000001320b0                SMS_LocaleInit
                0x0000000000132248                SMS_LocaleSet
 .text          0x00000000001322e8      0x970 obj/SMS_FileDir.o
                0x0000000000132448                SMS_FileDirInit
                0x00000000001322e8                _set_id
 .text          0x0000000000132c58      0x9a8 obj/SMS_GUIMenu.o
                0x0000000000133298                GUIMenu_HandleEvent
                0x0000000000133578                GUI_MenuPopState
                0x00000000001335b0                GUI_CreateMenu
                0x0000000000133518                GUI_MenuPushState
 .text          0x0000000000133600     0x2e50 obj/SMS_GUIMenuSMS.o
                0x0000000000135ac0                _subbclr_handler
                0x00000000001347d8                _adjright_handler
                0x0000000000135a98                _subclr_handler
                0x0000000000133ee8                _update_poff
                0x0000000000135b10                _subu_handler
                0x0000000000134818                _adjup_handler
                0x0000000000135ae8                _subiclr_handler
                0x0000000000134858                _adjdown_handler
                0x0000000000134798                _adjleft_handler
                0x0000000000134380                _save_handler
                0x0000000000134420                _exit_handler
                0x0000000000134400                _shutdown_handler
                0x00000000001346c8                _check_dc_offset
                0x00000000001339a8                GUIMenuSMS_Redraw
                0x00000000001338a8                GUIMenuSMS_HandleEvent
                0x00000000001363a8                GUI_CreateMenuSMS
 .text          0x0000000000136450     0x1a48 obj/SMS_SubtitleContext.o
                0x0000000000137dc0                SubtitleContext_Init
 .text          0x0000000000137e98      0x198 obj/SMS_GUICmdProc.o
                0x0000000000137f50                GUI_CreateCmdProc
 .text          0x0000000000138030      0x8a8 obj/SMS_PlayerMenu.o
                0x00000000001383b8                SMS_PlayerMenu
                0x0000000000138098                GUIMenuPlayer_HandleEvent
 .text          0x00000000001388d8      0x570 obj/SMS_GUIMiniBrowser.o
                0x00000000001388d8                CtxMenu_HandleEvent
                0x0000000000138b88                GUI_MiniBrowser
 .text          0x0000000000138e48     0x4448 obj/SMS_DSP_QPel.o
                0x000000000013c504                DSP_PutNoRndQPel816MC32
                0x000000000013c020                DSP_PutQPel816MC13
                0x000000000013c7a8                DSP_AvgQPel16MC30
                0x000000000013b6e0                DSP_PutNoRndQPel16MC01
                0x000000000013b730                DSP_PutNoRndQPel16MC11
                0x000000000013cf10                DSP_AvgQPel816MC31
                0x000000000013bf64                DSP_PutQPel816MC32
                0x000000000013b820                DSP_PutNoRndQPel16MC31
                0x000000000013c9f4                DSP_AvgQPel16MC12
                0x000000000013c77c                DSP_AvgQPel16MC20
                0x000000000013b148                DSP_PutQPel16MC11
                0x000000000013bf1c                DSP_PutQPel816MC22
                0x000000000013c26c                DSP_PutNoRndQPel816MC01
                0x000000000013bb00                DSP_PutNoRndQPel16MC23
                0x000000000013b47c                DSP_PutQPel16MC13
                0x000000000013cd64                DSP_AvgQPel816MC20
                0x000000000013c42c                DSP_PutNoRndQPel816MC02
                0x000000000013cac8                DSP_AvgQPel16MC32
                0x000000000013cd8c                DSP_AvgQPel816MC30
                0x000000000013bb60                DSP_PutNoRndQPel16MC33
                0x000000000013d138                DSP_AvgQPel816MC13
                0x000000000013b238                DSP_PutQPel16MC31
                0x000000000013b2ec                DSP_PutQPel16MC12
                0x000000000013c800                DSP_AvgQPel16MC01
                0x000000000013c180                DSP_PutNoRndQPel816MC10
                0x000000000013bbf0                DSP_PutQPel816MC10
                0x000000000013b5fc                DSP_PutNoRndQPel16MC10
                0x000000000013bc4c                DSP_PutQPel816MC20
                0x000000000013cf90                DSP_AvgQPel816MC02
                0x000000000013b1d8                DSP_PutQPel16MC21
                0x000000000013cfbc                DSP_AvgQPel816MC12
                0x000000000013b3b8                DSP_PutQPel16MC32
                0x000000000013b434                DSP_PutQPel16MC03
                0x000000000013cc80                DSP_AvgQPel16MC33
                0x000000000013beb0                DSP_PutQPel816MC12
                0x000000000013d088                DSP_AvgQPel816MC32
                0x000000000013c4bc                DSP_PutNoRndQPel816MC22
                0x000000000013c5c8                DSP_PutNoRndQPel816MC13
                0x000000000013be94                DSP_PutQPel816MC02
                0x000000000013b8b0                DSP_PutNoRndQPel16MC02
                0x000000000013be14                DSP_PutQPel816MC31
                0x000000000013c3ac                DSP_PutNoRndQPel816MC31
                0x000000000013c100                DSP_PutQPel816MC33
                0x000000000013ba70                DSP_PutNoRndQPel16MC13
                0x000000000013b958                DSP_PutNoRndQPel16MC22
                0x000000000013d034                DSP_AvgQPel816MC22
                0x000000000013b9a4                DSP_PutNoRndQPel16MC32
                0x000000000013c930                DSP_AvgQPel16MC31
                0x000000000013cde4                DSP_AvgQPel816MC01
                0x000000000013ba20                DSP_PutNoRndQPel16MC03
                0x000000000013b654                DSP_PutNoRndQPel16MC20
                0x000000000013c450                DSP_PutNoRndQPel816MC12
                0x000000000013b01c                DSP_PutQPel16MC10
                0x000000000013b074                DSP_PutQPel16MC20
                0x000000000013ca78                DSP_AvgQPel16MC22
                0x000000000013bcdc                DSP_PutQPel816MC01
                0x000000000013d214                DSP_AvgQPel816MC33
                0x000000000013c724                DSP_AvgQPel16MC10
                0x000000000013c57c                DSP_PutNoRndQPel816MC03
                0x000000000013c6a4                DSP_PutNoRndQPel816MC33
                0x000000000013c844                DSP_AvgQPel16MC11
                0x000000000013c8d0                DSP_AvgQPel16MC21
                0x000000000013bd28                DSP_PutQPel816MC11
                0x000000000013c340                DSP_PutNoRndQPel816MC21
                0x000000000013bda8                DSP_PutQPel816MC21
                0x000000000013b2c8                DSP_PutQPel16MC02
                0x000000000013b8d8                DSP_PutNoRndQPel16MC12
                0x000000000013ce24                DSP_AvgQPel816MC11
                0x000000000013bc80                DSP_PutQPel816MC30
                0x000000000013b56c                DSP_PutQPel16MC33
                0x000000000013b0a8                DSP_PutQPel16MC30
                0x000000000013cea4                DSP_AvgQPel816MC21
                0x000000000013c0a0                DSP_PutQPel816MC23
                0x000000000013d1b8                DSP_AvgQPel816MC23
                0x000000000013bfdc                DSP_PutQPel816MC03
                0x000000000013c1dc                DSP_PutNoRndQPel816MC20
                0x000000000013b36c                DSP_PutQPel16MC22
                0x000000000013b100                DSP_PutQPel16MC01
                0x000000000013cb54                DSP_AvgQPel16MC03
                0x000000000013c210                DSP_PutNoRndQPel816MC30
                0x000000000013cd0c                DSP_AvgQPel816MC10
                0x000000000013b7c0                DSP_PutNoRndQPel16MC21
                0x000000000013c9bc                DSP_AvgQPel16MC02
                0x000000000013cc20                DSP_AvgQPel16MC23
                0x000000000013b50c                DSP_PutQPel16MC23
                0x000000000013c648                DSP_PutNoRndQPel816MC23
                0x000000000013d100                DSP_AvgQPel816MC03
                0x000000000013b688                DSP_PutNoRndQPel16MC30
                0x000000000013cb94                DSP_AvgQPel16MC13
                0x000000000013c2c0                DSP_PutNoRndQPel816MC11
 .text          0x000000000013d290      0x300 obj/SMS_Spectrum.o
                0x000000000013d440                SMS_SpectrumUpdate
                0x000000000013d290                SMS_SpectrumInit
 .text          0x000000000013d590      0x27c obj/SMS_Utils.o
                0x000000000013d590                MUL64
                0x000000000013d730                mips_memset
                0x000000000013d5b4                mips_memcpy
 .text          0x000000000013d80c      0x490 obj/SMS_DSP_FFT.o
                0x000000000013d97c                DSP_FFTGet
                0x000000000013d8ac                DSP_FFTRun
                0x000000000013d80c                DSP_FFTInit
 .text          0x000000000013dc9c       0x58 obj/SMS_DMA_0.o
                0x000000000013dc9c                DMA_Stop
 .text          0x000000000013dcf4      0x118 obj/SMS_IPU_0.o
                0x000000000013dcf4                IPU_FDEC
                0x000000000013dd8c                IPU_FRST
                0x000000000013dd2c                IPU_IDEC
 *fill*         0x000000000013de0c        0x4 00
 .text          0x000000000013de10      0x668 obj/SMS_IPU_1.o
                0x000000000013de30                IPU_InitLoadImage
                0x000000000013e078                IPU_LoadImage
                0x000000000013e430                IPU_ImageInfo
 .text          0x000000000013e478      0x4d0 obj/SMS_GUIFileCtxMenu.o
                0x000000000013e7a8                GUI_FileCtxMenu
 .text          0x000000000013e948      0x730 obj/SMS_RC.o
                0x000000000013eaf0                RC_Start
                0x000000000013ebd0                RCX_Start
                0x000000000013ecb0                RC_Open
                0x000000000013ea38                RC_Load
                0x000000000013ea90                RCX_Load
                0x000000000013eb60                RC_Shutdown
                0x000000000013ee58                RCX_Close
                0x000000000013ed50                RC_Close
                0x000000000013ec40                RCX_Shutdown
                0x000000000013edd8                RCX_Open
 .text          0x000000000013f078       0x90 obj/SMS_RC_0.o
                0x000000000013f078                RC_ReadDummy
                0x000000000013f080                RC_ReadX
                0x000000000013f0c0                RC_ReadI
                0x000000000013f0fc                RC_SetTranslator
 .text          0x000000000013f108      0x1b8 obj/SMS_InverseCodePages.o
                0x000000000013f108                TranslateUTF8
                0x000000000013f248                UnicodeToCP
 .text          0x000000000013f2c0     0x1c30 obj/SMS_ContainerMPEG_PS.o
                0x00000000001409d0                SMS_GetContainerMPEG_PS
 .text          0x0000000000140ef0      0x580 obj/SMS_MPEG12.o
                0x0000000000140fb0                SMS_Codec_MPEG12_Reset
                0x0000000000140ef0                SMS_Codec_MPEG12_Open
 .text          0x0000000000141470     0x2270 obj/libmpeg.o
                0x0000000000141470                MPEG_Initialize
                0x0000000000141578                MPEG_Reset
                0x00000000001415b8                MPEG_Destroy
 .text          0x00000000001436e0     0x1f98 obj/libmpeg_core.o
                0x000000000014497c                _MPEG_dma_ref_image
                0x0000000000144ac4                _MPEG_put_luma
                0x0000000000143c94                _MPEG_AlignBits
                0x0000000000144020                _MPEG_BDEC
                0x0000000000145418                _MPEG_avg_luma_XY
                0x0000000000144b08                _MPEG_put_chroma
                0x00000000001445ac                _MPEG_add_block_ilfl
                0x0000000000144db0                _MPEG_put_luma_XY
                0x00000000001444bc                _MPEG_add_block_frfr
                0x00000000001437ac                _MPEG_Flush
                0x0000000000143f44                _MPEG_SetIDCP
                0x0000000000144a1c                _MPEG_do_mc
                0x0000000000143fdc                _MPEG_SetPCT
                0x0000000000145530                _MPEG_avg_chroma_XY
                0x0000000000144208                _MPEG_put_block_fl
                0x0000000000144344                _MPEG_put_block_il
                0x0000000000143cd4                _MPEG_NextStartCode
                0x0000000000143efc                _MPEG_GetDMVector
                0x0000000000143e60                _MPEG_GetMBType
                0x0000000000143da4                _MPEG_SetQM
                0x0000000000143d14                _MPEG_SetDefQM
                0x0000000000144c68                _MPEG_put_luma_Y
                0x0000000000145008                _MPEG_avg_chroma
                0x000000000014377c                _MPEG_Destroy
                0x0000000000143c34                _MPEG_ShowBits
                0x00000000001436e0                _MPEG_Initialize
                0x0000000000144e80                _MPEG_put_chroma_XY
                0x0000000000145240                _MPEG_avg_luma_Y
                0x0000000000143de4                _MPEG_GetMBAI
                0x0000000000145318                _MPEG_avg_chroma_Y
                0x0000000000143f7c                _MPEG_SetQSTIVFAS
                0x0000000000144f7c                _MPEG_avg_luma
                0x0000000000143ea8                _MPEG_GetMotionCode
                0x00000000001438a0                _MPEG_Resume
                0x0000000000144bd8                _MPEG_put_chroma_X
                0x0000000000144b60                _MPEG_put_luma_X
                0x000000000014409c                _MPEG_WaitBDEC
                0x00000000001450a8                _MPEG_avg_luma_X
                0x00000000001437b8                _MPEG_Suspend
                0x0000000000145168                _MPEG_avg_chroma_X
                0x0000000000143bbc                _MPEG_GetBits
                0x00000000001447b0                _MPEG_add_block_frfl
                0x0000000000144cf8                _MPEG_put_chroma_Y
                0x00000000001439d8                _MPEG_CSCImage
                0x0000000000144160                _MPEG_put_block_fr
 .text          0x0000000000145678      0x4b0 obj/SMS_DXSB.o
                0x0000000000145678                SMS_DXSB_Init
                0x0000000000145aa0                SMS_DXSB_Decode
 .text          0x0000000000145b28      0xc18 C:/msys/1.0/local/ps2dev/ps2sdk/ee/lib\libhdd.a(libhdd.o)
                0x0000000000145b28                hddCheckPresent
                0x0000000000145b90                hddCheckFormatted
                0x00000000001464b8                hddRemoveFilesystem
                0x0000000000146508                hddExpandFilesystem
                0x0000000000146018                hddGetInfo
                0x0000000000145d20                hddGetFilesystemList
                0x0000000000145bf0                hddFormat
                0x0000000000146178                hddMakeFilesystem
 .text          0x0000000000146740      0x2b0 C:/msys/1.0/local/ps2dev/ps2sdk/ee/lib\libpoweroff.a(poweroff.o)
                0x0000000000146968                poweroffSetCallback
                0x00000000001469a8                poweroffShutdown
                0x00000000001467b8                poweroffInit
 .text          0x00000000001469f0      0x228 C:/msys/1.0/local/ps2dev/ps2sdk/ee/lib\libpatches.a(patch_enable_lmb.o)
                0x00000000001469f0                sbv_patch_enable_lmb
 .text          0x0000000000146c18       0x60 C:/msys/1.0/local/ps2dev/ps2sdk/ee/lib\libpatches.a(patch_disable_prefix_check.o)
                0x0000000000146c18                sbv_patch_disable_prefix_check
 .text          0x0000000000146c78      0x110 C:/msys/1.0/local/ps2dev/ps2sdk/ee/lib\libpatches.a(smem.o)
                0x0000000000146c78                smem_read
                0x0000000000146d00                smem_write
 .text          0x0000000000146d88       0xf8 C:/msys/1.0/local/ps2dev/ps2sdk/ee/lib\libpatches.a(smod.o)
                0x0000000000146d88                smod_get_next_mod
                0x0000000000146dd8                smod_get_mod_by_name
 .text          0x0000000000146e80      0x278 C:/msys/1.0/local/ps2dev/ps2sdk/ee/lib\libpatches.a(slib.o)
                0x0000000000146e80                slib_exp_lib_list
                0x0000000000146fc0                slib_get_exp_lib
 .text          0x00000000001470f8     0x2060 C:/msys/1.0/local/ps2dev/ps2sdk/ee/lib\libfileXio.a(fileXio_rpc.o)
                0x0000000000147a58                fileXioRename
                0x0000000000147790                fileXioMkdir
                0x0000000000149118                _lock
                0x0000000000147c58                fileXioReadlink
                0x0000000000148b90                fileXioDread
                0x00000000001488e0                fileXioSync
                0x0000000000147888                fileXioRmdir
                0x0000000000147f70                fileXioClose
                0x0000000000148ac0                fileXioDclose
                0x00000000001489d8                fileXioDopen
                0x0000000000147e68                fileXioOpen
                0x0000000000149108                fileXioSetBlockMode
                0x00000000001470f8                _fxio_intr
                0x0000000000148d00                fileXioDevctl
                0x0000000000147d80                fileXioChdir
                0x0000000000148688                fileXioGetStat
                0x0000000000149058                fileXioWaitAsync
                0x0000000000148eb0                fileXioIoctl2
                0x0000000000147598                fileXioUmount
                0x0000000000148560                fileXioChStat
                0x0000000000147118                fileXioInit
                0x0000000000148370                fileXioLseek
                0x00000000001487a0                fileXioFormat
                0x0000000000147488                fileXioMount
                0x0000000000147290                fileXioGetDeviceList
                0x0000000000148468                fileXioLseek64
                0x0000000000148220                fileXioWrite
                0x0000000000147240                fileXioStop
                0x0000000000147970                fileXioRemove
                0x0000000000149138                _unlock
                0x0000000000147680                fileXioCopyfile
                0x00000000001480d8                fileXioRead
                0x0000000000147370                fileXioGetdir
                0x0000000000147b58                fileXioSymlink
 .text          0x0000000000149158       0xac C:/msys/1.0/local/ps2dev/ps2sdk/ee/lib\libc.a(memcpy.o)
                0x0000000000149158                memcpy
 .text          0x0000000000149204       0xac C:/msys/1.0/local/ps2dev/ps2sdk/ee/lib\libc.a(memset.o)
                0x0000000000149204                memset
 .text          0x00000000001492b0      0x1b8 C:/msys/1.0/local/ps2dev/ps2sdk/ee/lib\libc.a(strncmp.o)
                0x00000000001492b0                strncmp
 .text          0x0000000000149468       0x94 C:/msys/1.0/local/ps2dev/ps2sdk/ee/lib\libc.a(memcmp.o)
                0x0000000000149468                memcmp
 .text          0x00000000001494fc       0xfc C:/msys/1.0/local/ps2dev/ps2sdk/ee/lib\libc.a(memmove.o)
                0x00000000001494fc                memmove
 .text          0x00000000001495f8      0x110 C:/msys/1.0/local/ps2dev/ps2sdk/ee/lib\libc.a(strcpy.o)
                0x00000000001495f8                strcpy
 .text          0x0000000000149708      0x1b8 C:/msys/1.0/local/ps2dev/ps2sdk/ee/lib\libc.a(strncpy.o)
                0x0000000000149708                strncpy
 .text          0x00000000001498c0      0x138 C:/msys/1.0/local/ps2dev/ps2sdk/ee/lib\libc.a(strlen.o)
                0x00000000001498c0                strlen
 .text          0x00000000001499f8      0x190 C:/msys/1.0/local/ps2dev/ps2sdk/ee/lib\libc.a(strchr.o)
                0x00000000001499f8                strchr
 .text          0x0000000000149b88      0x144 C:/msys/1.0/local/ps2dev/ps2sdk/ee/lib\libc.a(strcmp.o)
                0x0000000000149b88                strcmp
 *fill*         0x0000000000149ccc        0x4 00
 .text          0x0000000000149cd0       0x60 C:/msys/1.0/local/ps2dev/ps2sdk/ee/lib\libc.a(sprintf.o)
                0x0000000000149cd0                sprintf
 .text          0x0000000000149d30       0x68 C:/msys/1.0/local/ps2dev/ps2sdk/ee/lib\libc.a(sscanf.o)
                0x0000000000149d30                sscanf
 .text          0x0000000000149d98       0x88 C:/msys/1.0/local/ps2dev/ps2sdk/ee/lib\libc.a(_xscanf_internals.o)
                0x0000000000149dd8                _s_xgetc
                0x0000000000149db8                _f_xungetc
                0x0000000000149df8                _s_xungetc
                0x0000000000149d98                _f_xgetc
 .text          0x0000000000149e20      0x1f0 C:/msys/1.0/local/ps2dev/ps2sdk/ee/lib\libc.a(malloc.o)
                0x0000000000149e60                malloc
                0x0000000000149e20                _heap_mem_fit
 .text          0x000000000014a010      0x148 C:/msys/1.0/local/ps2dev/ps2sdk/ee/lib\libc.a(realloc.o)
                0x000000000014a010                realloc
 .text          0x000000000014a158       0x50 C:/msys/1.0/local/ps2dev/ps2sdk/ee/lib\libc.a(calloc.o)
                0x000000000014a158                calloc
 .text          0x000000000014a1a8      0x148 C:/msys/1.0/local/ps2dev/ps2sdk/ee/lib\libc.a(memalign.o)
                0x000000000014a1a8                memalign
 .text          0x000000000014a2f0       0xf8 C:/msys/1.0/local/ps2dev/ps2sdk/ee/lib\libc.a(free.o)
                0x000000000014a2f0                free
 .text          0x000000000014a3e8       0xc0 C:/msys/1.0/local/ps2dev/ps2sdk/ee/lib\libc.a(__alloc_internals.o)
                0x000000000014a418                _ps2sdk_alloc_deinit
                0x000000000014a3e8                _ps2sdk_alloc_init
                0x000000000014a448                _ps2sdk_alloc_lock
                0x000000000014a478                _ps2sdk_alloc_unlock
 .text          0x000000000014a4a8       0x90 C:/msys/1.0/local/ps2dev/ps2sdk/ee/lib\libc.a(strcasecmp.o)
                0x000000000014a4a8                strcasecmp
 .text          0x000000000014a538      0x128 C:/msys/1.0/local/ps2dev/ps2sdk/ee/lib\libc.a(strtok.o)
                0x000000000014a538                strtok
 .text          0x000000000014a660       0x58 C:/msys/1.0/local/ps2dev/ps2sdk/ee/lib\libc.a(strrchr.o)
                0x000000000014a660                strrchr
 .text          0x000000000014a6b8       0x88 C:/msys/1.0/local/ps2dev/ps2sdk/ee/lib\libc.a(strstr.o)
                0x000000000014a6b8                strstr
 .text          0x000000000014a740       0xc8 C:/msys/1.0/local/ps2dev/ps2sdk/ee/lib\libc.a(strcpy_sjis.o)
                0x000000000014a740                strcpy_sjis
 .text          0x000000000014a808       0x60 C:/msys/1.0/local/ps2dev/ps2sdk/ee/lib\libc.a(strpbrk.o)
                0x000000000014a808                strpbrk
 .text          0x000000000014a868       0x30 C:/msys/1.0/local/ps2dev/ps2sdk/ee/lib\libc.a(tolower.o)
                0x000000000014a868                tolower
 .text          0x000000000014a898       0x30 C:/msys/1.0/local/ps2dev/ps2sdk/ee/lib\libc.a(toupper.o)
                0x000000000014a898                toupper
 .text          0x000000000014a8c8       0x18 C:/msys/1.0/local/ps2dev/ps2sdk/ee/lib\libc.a(isupper.o)
                0x000000000014a8c8                isupper
 .text          0x000000000014a8e0       0x18 C:/msys/1.0/local/ps2dev/ps2sdk/ee/lib\libc.a(islower.o)
                0x000000000014a8e0                islower
 .text          0x000000000014a8f8       0x18 C:/msys/1.0/local/ps2dev/ps2sdk/ee/lib\libc.a(isdigit.o)
                0x000000000014a8f8                isdigit
 .text          0x000000000014a910       0x20 C:/msys/1.0/local/ps2dev/ps2sdk/ee/lib\libc.a(isspace.o)
                0x000000000014a910                isspace
 .text          0x000000000014a930       0x68 C:/msys/1.0/local/ps2dev/ps2sdk/ee/lib\libc.a(fgetc.o)
                0x000000000014a930                fgetc
 .text          0x000000000014a998       0x98 C:/msys/1.0/local/ps2dev/ps2sdk/ee/lib\libc.a(fread.o)
                0x000000000014a998                fread
 .text          0x000000000014aa30       0xb0 C:/msys/1.0/local/ps2dev/ps2sdk/ee/lib\libc.a(puts.o)
                0x000000000014aa30                puts
 .text          0x000000000014aae0       0x30 C:/msys/1.0/local/ps2dev/ps2sdk/ee/lib\libc.a(ungetc.o)
                0x000000000014aae0                ungetc
 .text          0x000000000014ab10      0x238 C:/msys/1.0/local/ps2dev/ps2sdk/ee/lib\libc.a(strtol.o)
                0x000000000014ab10                strtol
 .text          0x000000000014ad48       0x60 C:/msys/1.0/local/ps2dev/ps2sdk/ee/lib\libc.a(init_libc.o)
                0x000000000014ad78                _ps2sdk_libc_deinit
                0x000000000014ad48                _ps2sdk_libc_init
 .text          0x000000000014ada8       0xb0 C:/msys/1.0/local/ps2dev/ps2sdk/ee/lib\libc.a(init_args.o)
                0x000000000014ada8                _ps2sdk_args_parse
 .text          0x000000000014ae58       0x68 C:/msys/1.0/local/ps2dev/ps2sdk/ee/lib\libc.a(sbrk.o)
                0x000000000014ae58                ps2_sbrk
 .text          0x000000000014aec0     0x1030 C:/msys/1.0/local/ps2dev/ps2sdk/ee/lib\libc.a(vxprintf.o)
                0x000000000014af50                vxprintf
 .text          0x000000000014bef0       0x88 C:/msys/1.0/local/ps2dev/ps2sdk/ee/lib\libc.a(__sout.o)
                0x000000000014bef0                __sout
 .text          0x000000000014bf78       0x30 C:/msys/1.0/local/ps2dev/ps2sdk/ee/lib\libc.a(putchar.o)
                0x000000000014bf78                putchar
 .text          0x000000000014bfa8      0xcd0 C:/msys/1.0/local/ps2dev/ps2sdk/ee/lib\libc.a(vxscanf.o)
                0x000000000014bfa8                vxscanf
 .text          0x000000000014cc78       0x88 C:/msys/1.0/local/ps2dev/ps2sdk/ee/lib\libc.a(_sjis_internals.o)
                0x000000000014cc78                isSpecialSJIS
                0x000000000014ccc0                isSpecialASCII
 .text          0x000000000014cd00       0x50 C:/msys/1.0/local/ps2dev/ps2sdk/ee/lib\libc.a(isalpha.o)
                0x000000000014cd00                isalpha
 .text          0x000000000014cd50       0x78 C:/msys/1.0/local/ps2dev/ps2sdk/ee/lib\libc.a(__stdio_internals.o)
                0x000000000014cd50                _ps2sdk_stdio_init
                0x000000000014cda0                _ps2sdk_stdio_deinit
 .text          0x000000000014cdc8       0x28 C:/msys/1.0/local/ps2dev/ps2sdk/ee/lib\libc.a(chdir.o)
                0x000000000014cdc8                chdir
 .text          0x000000000014cdf0      0x270 C:/msys/1.0/local/ps2dev/ps2sdk/ee/lib\libc.a(strtod.o)
                0x000000000014cdf0                strtod
 .text          0x000000000014d060       0x68 C:/msys/1.0/local/ps2dev/ps2sdk/ee/lib\libc.a(__stdlib_internals.o)
                0x000000000014d068                _ps2sdk_stdlib_deinit
                0x000000000014d060                _ps2sdk_stdlib_init
 .text          0x000000000014d0c8       0x78 C:/msys/1.0/local/ps2dev/ps2sdk/ee/lib\libc.a(fcloseall.o)
                0x000000000014d0c8                _fcloseall
 .text          0x000000000014d140       0xa0 C:/msys/1.0/local/ps2dev/ps2sdk/ee/lib\libc.a(getfdtype.o)
                0x000000000014d140                __stdio_get_fd_type
 .text          0x000000000014d1e0       0x80 C:/msys/1.0/local/ps2dev/ps2sdk/ee/lib\libc.a(fclose.o)
                0x000000000014d1e0                fclose
 .text          0x000000000014d260       0x10 C:/msys/1.0/local/ps2dev/ps2sdk/ee/lib\libkernel.a(ResetEE.o)
                0x000000000014d260                ResetEE
 .text          0x000000000014d270       0x10 C:/msys/1.0/local/ps2dev/ps2sdk/ee/lib\libkernel.a(SetGsCrt.o)
                0x000000000014d270                SetGsCrt
 .text          0x000000000014d280       0x10 C:/msys/1.0/local/ps2dev/ps2sdk/ee/lib\libkernel.a(Exit.o)
                0x000000000014d280                Exit
 .text          0x000000000014d290       0x10 C:/msys/1.0/local/ps2dev/ps2sdk/ee/lib\libkernel.a(AddIntcHandler.o)
                0x000000000014d290                AddIntcHandler
 .text          0x000000000014d2a0       0x10 C:/msys/1.0/local/ps2dev/ps2sdk/ee/lib\libkernel.a(RemoveIntcHandler.o)
                0x000000000014d2a0                RemoveIntcHandler
 .text          0x000000000014d2b0       0x10 C:/msys/1.0/local/ps2dev/ps2sdk/ee/lib\libkernel.a(AddDmacHandler.o)
                0x000000000014d2b0                AddDmacHandler
 .text          0x000000000014d2c0       0x10 C:/msys/1.0/local/ps2dev/ps2sdk/ee/lib\libkernel.a(RemoveDmacHandler.o)
                0x000000000014d2c0                RemoveDmacHandler
 .text          0x000000000014d2d0       0x10 C:/msys/1.0/local/ps2dev/ps2sdk/ee/lib\libkernel.a(SetAlarm.o)
                0x000000000014d2d0                SetAlarm
 .text          0x000000000014d2e0       0x10 C:/msys/1.0/local/ps2dev/ps2sdk/ee/lib\libkernel.a(CreateThread.o)
                0x000000000014d2e0                CreateThread
 .text          0x000000000014d2f0       0x10 C:/msys/1.0/local/ps2dev/ps2sdk/ee/lib\libkernel.a(DeleteThread.o)
                0x000000000014d2f0                DeleteThread
 .text          0x000000000014d300       0x10 C:/msys/1.0/local/ps2dev/ps2sdk/ee/lib\libkernel.a(StartThread.o)
                0x000000000014d300                StartThread
 .text          0x000000000014d310       0x10 C:/msys/1.0/local/ps2dev/ps2sdk/ee/lib\libkernel.a(TerminateThread.o)
                0x000000000014d310                TerminateThread
 .text          0x000000000014d320       0x10 C:/msys/1.0/local/ps2dev/ps2sdk/ee/lib\libkernel.a(ChangeThreadPriority.o)
                0x000000000014d320                ChangeThreadPriority
 .text          0x000000000014d330       0x10 C:/msys/1.0/local/ps2dev/ps2sdk/ee/lib\libkernel.a(RotateThreadReadyQueue.o)
                0x000000000014d330                RotateThreadReadyQueue
 .text          0x000000000014d340       0x10 C:/msys/1.0/local/ps2dev/ps2sdk/ee/lib\libkernel.a(GetThreadId.o)
                0x000000000014d340                GetThreadId
 .text          0x000000000014d350       0x10 C:/msys/1.0/local/ps2dev/ps2sdk/ee/lib\libkernel.a(ReferThreadStatus.o)
                0x000000000014d350                ReferThreadStatus
 .text          0x000000000014d360       0x10 C:/msys/1.0/local/ps2dev/ps2sdk/ee/lib\libkernel.a(SleepThread.o)
                0x000000000014d360                SleepThread
 .text          0x000000000014d370       0x10 C:/msys/1.0/local/ps2dev/ps2sdk/ee/lib\libkernel.a(WakeupThread.o)
                0x000000000014d370                WakeupThread
 .text          0x000000000014d380       0x10 C:/msys/1.0/local/ps2dev/ps2sdk/ee/lib\libkernel.a(iWakeupThread.o)
                0x000000000014d380                iWakeupThread
 .text          0x000000000014d390       0x10 C:/msys/1.0/local/ps2dev/ps2sdk/ee/lib\libkernel.a(SuspendThread.o)
                0x000000000014d390                SuspendThread
 .text          0x000000000014d3a0       0x10 C:/msys/1.0/local/ps2dev/ps2sdk/ee/lib\libkernel.a(ResumeThread.o)
                0x000000000014d3a0                ResumeThread
 .text          0x000000000014d3b0       0x10 C:/msys/1.0/local/ps2dev/ps2sdk/ee/lib\libkernel.a(EndOfHeap.o)
                0x000000000014d3b0                EndOfHeap
 .text          0x000000000014d3c0       0x10 C:/msys/1.0/local/ps2dev/ps2sdk/ee/lib\libkernel.a(CreateSema.o)
                0x000000000014d3c0                CreateSema
 .text          0x000000000014d3d0       0x10 C:/msys/1.0/local/ps2dev/ps2sdk/ee/lib\libkernel.a(DeleteSema.o)
                0x000000000014d3d0                DeleteSema
 .text          0x000000000014d3e0       0x10 C:/msys/1.0/local/ps2dev/ps2sdk/ee/lib\libkernel.a(iSignalSema.o)
                0x000000000014d3e0                iSignalSema
 .text          0x000000000014d3f0       0x10 C:/msys/1.0/local/ps2dev/ps2sdk/ee/lib\libkernel.a(SignalSema.o)
                0x000000000014d3f0                SignalSema
 .text          0x000000000014d400       0x10 C:/msys/1.0/local/ps2dev/ps2sdk/ee/lib\libkernel.a(WaitSema.o)
                0x000000000014d400                WaitSema
 .text          0x000000000014d410       0x10 C:/msys/1.0/local/ps2dev/ps2sdk/ee/lib\libkernel.a(PollSema.o)
                0x000000000014d410                PollSema
 .text          0x000000000014d420       0x10 C:/msys/1.0/local/ps2dev/ps2sdk/ee/lib\libkernel.a(ReferSemaStatus.o)
                0x000000000014d420                ReferSemaStatus
 .text          0x000000000014d430       0x10 C:/msys/1.0/local/ps2dev/ps2sdk/ee/lib\libkernel.a(FlushCache.o)
                0x000000000014d430                FlushCache
 .text          0x000000000014d440       0x10 C:/msys/1.0/local/ps2dev/ps2sdk/ee/lib\libkernel.a(GsPutIMR.o)
                0x000000000014d440                GsPutIMR
 .text          0x000000000014d450       0x10 C:/msys/1.0/local/ps2dev/ps2sdk/ee/lib\libkernel.a(SifDmaStat.o)
                0x000000000014d450                SifDmaStat
 .text          0x000000000014d460       0x10 C:/msys/1.0/local/ps2dev/ps2sdk/ee/lib\libkernel.a(SifSetDma.o)
                0x000000000014d460                SifSetDma
 .text          0x000000000014d470       0x10 C:/msys/1.0/local/ps2dev/ps2sdk/ee/lib\libkernel.a(SifGetReg.o)
                0x000000000014d470                SifGetReg
 .text          0x000000000014d480       0xb0 C:/msys/1.0/local/ps2dev/ps2sdk/ee/lib\libkernel.a(SifWriteBackDCache.o)
                0x000000000014d480                SifWriteBackDCache
 .text          0x000000000014d530       0x38 C:/msys/1.0/local/ps2dev/ps2sdk/ee/lib\libkernel.a(sif_cmd_addhandler.o)
                0x000000000014d530                SifAddCmdHandler
 .text          0x000000000014d568      0x128 C:/msys/1.0/local/ps2dev/ps2sdk/ee/lib\libkernel.a(SifBindRpc.o)
                0x000000000014d568                SifBindRpc
 .text          0x000000000014d690      0x1b8 C:/msys/1.0/local/ps2dev/ps2sdk/ee/lib\libkernel.a(SifCallRpc.o)
                0x000000000014d690                SifCallRpc
 .text          0x000000000014d848      0x440 C:/msys/1.0/local/ps2dev/ps2sdk/ee/lib\libkernel.a(SifRpcMain.o)
                0x000000000014db00                SifInitRpc
                0x000000000014dc60                SifExitRpc
 .text          0x000000000014dc88       0xc0 C:/msys/1.0/local/ps2dev/ps2sdk/ee/lib\libkernel.a(_rpc_get_packet.o)
                0x000000000014dc88                _rpc_get_packet
 .text          0x000000000014dd48       0x30 C:/msys/1.0/local/ps2dev/ps2sdk/ee/lib\libkernel.a(_rpc_get_fpacket.o)
                0x000000000014dd48                _rpc_get_fpacket
 .text          0x000000000014dd78       0x38 C:/msys/1.0/local/ps2dev/ps2sdk/ee/lib\libkernel.a(SifCheckStatRpc.o)
                0x000000000014dd78                SifCheckStatRpc
 .text          0x000000000014ddb0       0xc0 C:/msys/1.0/local/ps2dev/ps2sdk/ee/lib\libkernel.a(fio_sync.o)
                0x000000000014ddb0                fioSync
 .text          0x000000000014de70       0x10 C:/msys/1.0/local/ps2dev/ps2sdk/ee/lib\libkernel.a(fio_setblockmode.o)
                0x000000000014de70                fioSetBlockMode
 .text          0x000000000014de80       0xc8 C:/msys/1.0/local/ps2dev/ps2sdk/ee/lib\libkernel.a(fio_open.o)
                0x000000000014de80                fioOpen
 .text          0x000000000014df48       0x80 C:/msys/1.0/local/ps2dev/ps2sdk/ee/lib\libkernel.a(fio_close.o)
                0x000000000014df48                fioClose
 .text          0x000000000014dfc8      0x118 C:/msys/1.0/local/ps2dev/ps2sdk/ee/lib\libkernel.a(fio_read.o)
                0x000000000014dfc8                fioRead
 .text          0x000000000014e0e0      0x110 C:/msys/1.0/local/ps2dev/ps2sdk/ee/lib\libkernel.a(fio_write.o)
                0x000000000014e0e0                fioWrite
 .text          0x000000000014e1f0       0xa0 C:/msys/1.0/local/ps2dev/ps2sdk/ee/lib\libkernel.a(fio_lseek.o)
                0x000000000014e1f0                fioLseek
 .text          0x000000000014e290       0x90 C:/msys/1.0/local/ps2dev/ps2sdk/ee/lib\libkernel.a(fio_mkdir.o)
                0x000000000014e290                fioMkdir
 .text          0x000000000014e320       0x88 C:/msys/1.0/local/ps2dev/ps2sdk/ee/lib\libkernel.a(_fio_read_intr.o)
                0x000000000014e320                _fio_read_intr
 .text          0x000000000014e3a8      0x150 C:/msys/1.0/local/ps2dev/ps2sdk/ee/lib\libkernel.a(fio_ioctl.o)
                0x000000000014e3a8                fioIoctl
 .text          0x000000000014e4f8       0x90 C:/msys/1.0/local/ps2dev/ps2sdk/ee/lib\libkernel.a(fio_dopen.o)
                0x000000000014e4f8                fioDopen
 .text          0x000000000014e588       0x80 C:/msys/1.0/local/ps2dev/ps2sdk/ee/lib\libkernel.a(fio_dclose.o)
                0x000000000014e588                fioDclose
 .text          0x000000000014e608       0x30 C:/msys/1.0/local/ps2dev/ps2sdk/ee/lib\libkernel.a(SifLoadFileExit.o)
                0x000000000014e608                SifLoadFileExit
 .text          0x000000000014e638       0x20 C:/msys/1.0/local/ps2dev/ps2sdk/ee/lib\libkernel.a(SifLoadModule.o)
                0x000000000014e638                SifLoadModule
 .text          0x000000000014e658       0xe0 C:/msys/1.0/local/ps2dev/ps2sdk/ee/lib\libkernel.a(SifExecModuleBuffer.o)
                0x000000000014e658                SifExecModuleBuffer
 .text          0x000000000014e738       0xe8 C:/msys/1.0/local/ps2dev/ps2sdk/ee/lib\libkernel.a(SifInitIopHeap.o)
                0x000000000014e738                SifInitIopHeap
 .text          0x000000000014e820       0x10 C:/msys/1.0/local/ps2dev/ps2sdk/ee/lib\libkernel.a(SifExitIopHeap.o)
                0x000000000014e820                SifExitIopHeap
 .text          0x000000000014e830       0x70 C:/msys/1.0/local/ps2dev/ps2sdk/ee/lib\libkernel.a(SifAllocIopHeap.o)
                0x000000000014e830                SifAllocIopHeap
 .text          0x000000000014e8a0       0x78 C:/msys/1.0/local/ps2dev/ps2sdk/ee/lib\libkernel.a(SifFreeIopHeap.o)
                0x000000000014e8a0                SifFreeIopHeap
 .text          0x000000000014e918      0x130 C:/msys/1.0/local/ps2dev/ps2sdk/ee/lib\libkernel.a(SifIopReset.o)
                0x000000000014e918                SifIopReset
 .text          0x000000000014ea48       0x50 C:/msys/1.0/local/ps2dev/ps2sdk/ee/lib\libkernel.a(DIntr.o)
                0x000000000014ea48                DIntr
 .text          0x000000000014ea98       0x18 C:/msys/1.0/local/ps2dev/ps2sdk/ee/lib\libkernel.a(EIntr.o)
                0x000000000014ea98                EIntr
 .text          0x000000000014eab0       0x78 C:/msys/1.0/local/ps2dev/ps2sdk/ee/lib\libkernel.a(EnableIntc.o)
                0x000000000014eab0                EnableIntc
 .text          0x000000000014eb28       0x78 C:/msys/1.0/local/ps2dev/ps2sdk/ee/lib\libkernel.a(DisableIntc.o)
                0x000000000014eb28                DisableIntc
 .text          0x000000000014eba0       0x78 C:/msys/1.0/local/ps2dev/ps2sdk/ee/lib\libkernel.a(EnableDmac.o)
                0x000000000014eba0                EnableDmac
 .text          0x000000000014ec18       0x78 C:/msys/1.0/local/ps2dev/ps2sdk/ee/lib\libkernel.a(DisableDmac.o)
                0x000000000014ec18                DisableDmac
 .text          0x000000000014ec90       0x80 C:/msys/1.0/local/ps2dev/ps2sdk/ee/lib\libkernel.a(SyncDCache.o)
                0x000000000014ec90                SyncDCache
 .text          0x000000000014ed10       0x80 C:/msys/1.0/local/ps2dev/ps2sdk/ee/lib\libkernel.a(InvalidDCache.o)
                0x000000000014ed10                InvalidDCache
 .text          0x000000000014ed90       0x10 C:/msys/1.0/local/ps2dev/ps2sdk/ee/lib\libkernel.a(_EnableIntc.o)
                0x000000000014ed90                _EnableIntc
 .text          0x000000000014eda0       0x10 C:/msys/1.0/local/ps2dev/ps2sdk/ee/lib\libkernel.a(_DisableIntc.o)
                0x000000000014eda0                _DisableIntc
 .text          0x000000000014edb0       0x10 C:/msys/1.0/local/ps2dev/ps2sdk/ee/lib\libkernel.a(_EnableDmac.o)
                0x000000000014edb0                _EnableDmac
 .text          0x000000000014edc0       0x10 C:/msys/1.0/local/ps2dev/ps2sdk/ee/lib\libkernel.a(_DisableDmac.o)
                0x000000000014edc0                _DisableDmac
 .text          0x000000000014edd0       0x10 C:/msys/1.0/local/ps2dev/ps2sdk/ee/lib\libkernel.a(SifStopDma.o)
                0x000000000014edd0                SifStopDma
 .text          0x000000000014ede0       0x10 C:/msys/1.0/local/ps2dev/ps2sdk/ee/lib\libkernel.a(SifSetReg.o)
                0x000000000014ede0                SifSetReg
 .text          0x000000000014edf0       0xa8 C:/msys/1.0/local/ps2dev/ps2sdk/ee/lib\libkernel.a(_SyncDCache.o)
                0x000000000014edf0                _SyncDCache
 .text          0x000000000014ee98       0xa8 C:/msys/1.0/local/ps2dev/ps2sdk/ee/lib\libkernel.a(_InvalidDCache.o)
                0x000000000014ee98                _InvalidDCache
 .text          0x000000000014ef40      0x1b0 C:/msys/1.0/local/ps2dev/ps2sdk/ee/lib\libkernel.a(sif_cmd_send.o)
                0x000000000014f070                SifSendCmd
                0x000000000014f0b0                iSifSendCmd
 .text          0x000000000014f0f0      0x2a8 C:/msys/1.0/local/ps2dev/ps2sdk/ee/lib\libkernel.a(sif_cmd_main.o)
                0x000000000014f120                SifInitCmd
                0x000000000014f360                SifExitCmd
 .text          0x000000000014f398       0x18 C:/msys/1.0/local/ps2dev/ps2sdk/ee/lib\libkernel.a(sif_sreg_get.o)
                0x000000000014f398                SifGetSreg
 .text          0x000000000014f3b0      0x110 C:/msys/1.0/local/ps2dev/ps2sdk/ee/lib\libkernel.a(fio_init.o)
                0x000000000014f3b0                fioInit
 .text          0x000000000014f4c0       0x20 C:/msys/1.0/local/ps2dev/ps2sdk/ee/lib\libkernel.a(_fio_intr.o)
                0x000000000014f4c0                _fio_intr
 .text          0x000000000014f4e0       0xe0 C:/msys/1.0/local/ps2dev/ps2sdk/ee/lib\libkernel.a(SifLoadFileInit.o)
                0x000000000014f4e0                SifLoadFileInit
 .text          0x000000000014f5c0      0x108 C:/msys/1.0/local/ps2dev/ps2sdk/ee/lib\libkernel.a(_SifLoadModule.o)
                0x000000000014f5c0                _SifLoadModule
 .text          0x000000000014f6c8       0xf0 C:/msys/1.0/local/ps2dev/ps2sdk/ee/lib\libkernel.a(_SifLoadModuleBuffer.o)
                0x000000000014f6c8                _SifLoadModuleBuffer
 *fill*         0x000000000014f7b8        0x8 00
 .text          0x000000000014f7c0       0x10 C:/msys/1.0/local/ps2dev/ps2sdk/ee/lib\libkernel.a(iSifSetDma.o)
                0x000000000014f7c0                iSifSetDma
 .text          0x000000000014f7d0       0x10 C:/msys/1.0/local/ps2dev/ps2sdk/ee/lib\libkernel.a(SifSetDChain.o)
                0x000000000014f7d0                SifSetDChain
 .text          0x000000000014f7e0       0xe0 C:/msys/1.0/local/ps2dev/ps2sdk/ee/lib\libkernel.a(_sif_cmd_int_handler.o)
                0x000000000014f7e0                _SifCmdIntHandler
 .text          0x000000000014f8c0       0x10 C:/msys/1.0/local/ps2dev/ps2sdk/ee/lib\libkernel.a(iSifSetDChain.o)
                0x000000000014f8c0                iSifSetDChain
 .text          0x000000000014f8d0       0x88 C:\msys\1.0\local\ps2dev\ee\bin\..\lib\gcc-lib\ee\3.2.2\libgcc.a(_muldi3.o)
                0x000000000014f8d0                __muldi3
 .text          0x000000000014f958      0x100 C:\msys\1.0\local\ps2dev\ee\bin\..\lib\gcc-lib\ee\3.2.2\libgcc.a(_floatdisf.o)
                0x000000000014f958                __floatdisf
 .text          0x000000000014fa58       0x48 C:\msys\1.0\local\ps2dev\ee\bin\..\lib\gcc-lib\ee\3.2.2\libgcc.a(_fixsfdi.o)
                0x000000000014fa58                __fixsfdi
 .text          0x000000000014faa0      0x810 C:\msys\1.0\local\ps2dev\ee\bin\..\lib\gcc-lib\ee\3.2.2\libgcc.a(_divdi3.o)
                0x000000000014faa0                __divdi3
 .text          0x00000000001502b0      0x818 C:\msys\1.0\local\ps2dev\ee\bin\..\lib\gcc-lib\ee\3.2.2\libgcc.a(_moddi3.o)
                0x00000000001502b0                __moddi3
 .text          0x0000000000150ac8      0x6d0 C:\msys\1.0\local\ps2dev\ee\bin\..\lib\gcc-lib\ee\3.2.2\libgcc.a(_udivdi3.o)
                0x0000000000150ac8                __udivdi3
 .text          0x0000000000151198      0x6d0 C:\msys\1.0\local\ps2dev\ee\bin\..\lib\gcc-lib\ee\3.2.2\libgcc.a(_umoddi3.o)
                0x0000000000151198                __umoddi3
 .text          0x0000000000151868       0x40 C:\msys\1.0\local\ps2dev\ee\bin\..\lib\gcc-lib\ee\3.2.2\libgcc.a(_sf_to_df.o)
                0x0000000000151868                fptodp
 .text          0x00000000001518a8      0x300 C:\msys\1.0\local\ps2dev\ee\bin\..\lib\gcc-lib\ee\3.2.2\libgcc.a(_addsub_df.o)
                0x0000000000151b38                dpsub
                0x0000000000151ad8                dpadd
 .text          0x0000000000151ba8      0x2d8 C:\msys\1.0\local\ps2dev\ee\bin\..\lib\gcc-lib\ee\3.2.2\libgcc.a(_mul_df.o)
                0x0000000000151ba8                dpmul
 .text          0x0000000000151e80       0x58 C:\msys\1.0\local\ps2dev\ee\bin\..\lib\gcc-lib\ee\3.2.2\libgcc.a(_compare_df.o)
                0x0000000000151e80                dpcmp
 .text          0x0000000000151ed8       0xb8 C:\msys\1.0\local\ps2dev\ee\bin\..\lib\gcc-lib\ee\3.2.2\libgcc.a(_si_to_df.o)
                0x0000000000151ed8                litodp
 .text          0x0000000000151f90       0xa0 C:\msys\1.0\local\ps2dev\ee\bin\..\lib\gcc-lib\ee\3.2.2\libgcc.a(_df_to_si.o)
                0x0000000000151f90                dptoli
 .text          0x0000000000152030       0x30 C:\msys\1.0\local\ps2dev\ee\bin\..\lib\gcc-lib\ee\3.2.2\libgcc.a(_make_df.o)
                0x0000000000152030                __make_dp
 .text          0x0000000000152060       0x58 C:\msys\1.0\local\ps2dev\ee\bin\..\lib\gcc-lib\ee\3.2.2\libgcc.a(_df_to_sf.o)
                0x0000000000152060                dptofp
 .text          0x00000000001520b8      0x138 C:\msys\1.0\local\ps2dev\ee\bin\..\lib\gcc-lib\ee\3.2.2\libgcc.a(_fixunssfdi.o)
                0x00000000001520b8                __fixunssfdi
 .text          0x00000000001521f0       0xe0 C:\msys\1.0\local\ps2dev\ee\bin\..\lib\gcc-lib\ee\3.2.2\libgcc.a(_unpack_sf.o)
                0x00000000001521f0                __unpack_f
 .text          0x00000000001522d0       0x30 C:\msys\1.0\local\ps2dev\ee\bin\..\lib\gcc-lib\ee\3.2.2\libgcc.a(_make_sf.o)
                0x00000000001522d0                __make_fp
 .text          0x0000000000152300      0x198 C:\msys\1.0\local\ps2dev\ee\bin\..\lib\gcc-lib\ee\3.2.2\libgcc.a(_pack_df.o)
                0x0000000000152300                __pack_d
 .text          0x0000000000152498       0xe0 C:\msys\1.0\local\ps2dev\ee\bin\..\lib\gcc-lib\ee\3.2.2\libgcc.a(_unpack_df.o)
                0x0000000000152498                __unpack_d
 .text          0x0000000000152578      0x108 C:\msys\1.0\local\ps2dev\ee\bin\..\lib\gcc-lib\ee\3.2.2\libgcc.a(_fpcmp_parts_df.o)
                0x0000000000152578                __fpcmp_parts_d
 .text          0x0000000000152680       0xa8 C:\msys\1.0\local\ps2dev\ee\bin\..\lib\gcc-lib\ee\3.2.2\libgcc.a(_df_to_usi.o)
                0x0000000000152680                dptoul
 .text          0x0000000000152728       0xb8 C:\msys\1.0\local\ps2dev\ee\bin\..\lib\gcc-lib\ee\3.2.2\libgcc.a(_floatdidf.o)
                0x0000000000152728                __floatdidf
 .text          0x00000000001527e0      0x160 C:\msys\1.0\local\ps2dev\ee\bin\..\lib\gcc-lib\ee\3.2.2\libgcc.a(_pack_sf.o)
                0x00000000001527e0                __pack_f
 .text          0x0000000000152940       0x70 C:\msys\1.0\local\ps2dev\ee\bin\..\lib\gcc-lib\ee\3.2.2\crtend.o
 *(.text.*)
 *(.gnu.linkonce.t*)
 *(.init)
 .init          0x00000000001529b0        0x8 C:\msys\1.0\local\ps2dev\ee\bin\..\lib\gcc-lib\ee\3.2.2\crti.o
                0x00000000001529b0                _init
 .init          0x00000000001529b8        0x8 C:\msys\1.0\local\ps2dev\ee\bin\..\lib\gcc-lib\ee\3.2.2\crtbegin.o
 .init          0x00000000001529c0        0x8 C:\msys\1.0\local\ps2dev\ee\bin\..\lib\gcc-lib\ee\3.2.2\crtend.o
 .init          0x00000000001529c8        0xc C:\msys\1.0\local\ps2dev\ee\bin\..\lib\gcc-lib\ee\3.2.2\crtn.o
 *(.fini)
 .fini          0x00000000001529d4        0x8 C:\msys\1.0\local\ps2dev\ee\bin\..\lib\gcc-lib\ee\3.2.2\crti.o
                0x00000000001529d4                _fini
 .fini          0x00000000001529dc        0x8 C:\msys\1.0\local\ps2dev\ee\bin\..\lib\gcc-lib\ee\3.2.2\crtbegin.o
 .fini          0x00000000001529e4        0xc C:\msys\1.0\local\ps2dev\ee\bin\..\lib\gcc-lib\ee\3.2.2\crtn.o
                0x00000000001529f0        0x8 QUAD 0x0
                0x00000000001529f8                PROVIDE (_etext, .)
                0x00000000001529f8                PROVIDE (etext, .)

.reginfo        0x00000000001529f8       0x18
 *(.reginfo)
 .reginfo       0x00000000001529f8       0x18 C:\msys\1.0\local\ps2dev\ee\bin\..\lib\gcc-lib\ee\3.2.2\crti.o

.ctors          0x0000000000152a10        0x8
 *crtbegin*.o(.ctors)
 .ctors         0x0000000000152a10        0x4 C:\msys\1.0\local\ps2dev\ee\bin\..\lib\gcc-lib\ee\3.2.2\crtbegin.o
 *(EXCLUDE_FILE(*crtend*.o) .ctors)
 *(SORT(.ctors.*))
 *(.ctors)
 .ctors         0x0000000000152a14        0x4 C:\msys\1.0\local\ps2dev\ee\bin\..\lib\gcc-lib\ee\3.2.2\crtend.o

.dtors          0x0000000000152a20        0x8
 *crtbegin*.o(.dtors)
 .dtors         0x0000000000152a20        0x4 C:\msys\1.0\local\ps2dev\ee\bin\..\lib\gcc-lib\ee\3.2.2\crtbegin.o
 *(EXCLUDE_FILE(*crtend*.o) .dtors)
 *(SORT(.dtors.*))
 *(.dtors)
 .dtors         0x0000000000152a24        0x4 C:\msys\1.0\local\ps2dev\ee\bin\..\lib\gcc-lib\ee\3.2.2\crtend.o

.rodata         0x0000000000152a80      0xb58
 *(.rodata)
 .rodata        0x0000000000152a80       0x24 obj/SMS_Codec.o
 .rodata        0x0000000000152aa4      0x558 obj/SMS_AC3.o
 .rodata        0x0000000000152ffc       0x2c obj/libmpeg.o
 .rodata        0x0000000000153028       0xf0 C:/msys/1.0/local/ps2dev/ps2sdk/ee/lib\libhdd.a(libhdd.o)
 .rodata        0x0000000000153118       0x20 C:/msys/1.0/local/ps2dev/ps2sdk/ee/lib\libpoweroff.a(poweroff.o)
 .rodata        0x0000000000153138       0x18 C:/msys/1.0/local/ps2dev/ps2sdk/ee/lib\libpatches.a(patch_enable_lmb.o)
 .rodata        0x0000000000153150        0x8 C:/msys/1.0/local/ps2dev/ps2sdk/ee/lib\libpatches.a(patch_disable_prefix_check.o)
 .rodata        0x0000000000153158       0x10 C:/msys/1.0/local/ps2dev/ps2sdk/ee/lib\libpatches.a(slib.o)
 .rodata        0x0000000000153168        0x8 C:/msys/1.0/local/ps2dev/ps2sdk/ee/lib\libc.a(init_args.o)
 .rodata        0x0000000000153170      0x188 C:/msys/1.0/local/ps2dev/ps2sdk/ee/lib\libc.a(vxprintf.o)
 .rodata        0x00000000001532f8      0x150 C:/msys/1.0/local/ps2dev/ps2sdk/ee/lib\libc.a(vxscanf.o)
 .rodata        0x0000000000153448       0x18 C:/msys/1.0/local/ps2dev/ps2sdk/ee/lib\libc.a(strtod.o)
 .rodata        0x0000000000153460       0x60 C:/msys/1.0/local/ps2dev/ps2sdk/ee/lib\libc.a(getfdtype.o)
 .rodata        0x00000000001534c0       0x18 C:\msys\1.0\local\ps2dev\ee\bin\..\lib\gcc-lib\ee\3.2.2\libgcc.a(_thenan_df.o)
                0x00000000001534c0                __thenan_df
 .rodata        0x00000000001534d8      0x100 C:\msys\1.0\local\ps2dev\ee\bin\..\lib\gcc-lib\ee\3.2.2\libgcc.a(_clz.o)
                0x00000000001534d8                __clz_tab
 *(.rodata.*)
 *(.gnu.linkonce.r*)

.rel.dyn

.data           0x0000000000153600    0x8acc8
                0x0000000000153600                _fdata = .
 *(.data)
 .data          0x0000000000153600        0x8 C:\msys\1.0\local\ps2dev\ee\bin\..\lib\gcc-lib\ee\3.2.2\crtbegin.o
                0x0000000000153600                __dso_handle
 .data          0x0000000000153608       0x60 obj/SMS_DSP.o
 .data          0x0000000000153668     0x10f8 obj/SMS_MPEG4.o
                0x00000000001545c0                s_intra_run_aic
                0x0000000000153ba8                g_intra_level
                0x00000000001546b0                g_DCtab_chrom
                0x00000000001539a0                g_intra_vlc
                0x00000000001536a8                g_InterMCBPC_code
                0x00000000001536e8                g_mvtab
                0x0000000000153678                g_IntraMCBPC_code
                0x0000000000154740                g_chroma_qscale_table
                0x0000000000153b40                g_intra_run
                0x0000000000154690                g_DCtab_lum
                0x0000000000154420                s_intra_vlc_aic
                0x0000000000154738                s_cbpc_b_tab
                0x00000000001536c8                g_cbpy_tab
                0x0000000000153668                g_IntraMCBPC_bits
                0x0000000000153688                g_InterMCBPC_bits
                0x00000000001538d0                g_inter_run
                0x0000000000154628                s_intra_level_aic
                0x0000000000153730                g_inter_vlc
                0x0000000000153938                g_inter_level
 .data          0x0000000000154760     0xee90 obj/SMS_MP123.o
 .data          0x00000000001635f0       0x10 obj/SMS_Player.o
 .data          0x0000000000163600     0x5a38 obj/SMS_MSMPEG4.o
 *fill*         0x0000000000169038        0x8 00
 .data          0x0000000000169040      0x310 obj/SMS_PlayerControl.o
 .data          0x0000000000169350     0x1d10 obj/SMS_EE.o
 .data          0x000000000016b060      0x6c0 obj/SMS_IOP.o
                0x000000000016b670                s_LoadParams
 *fill*         0x000000000016b720       0x20 00
 .data          0x000000000016b740      0x100 obj/SMS_PAD.o
 .data          0x000000000016b840      0x458 obj/SMS_Config.o
                0x000000000016b840                g_Palette
                0x000000000016ba20                g_Config
                0x000000000016bc00                g_SMBLoginInfo
 *fill*         0x000000000016bc98       0x28 00
 .data          0x000000000016bcc0    0x4e4c0 obj/SMS_Data.o
                0x000000000016bcc0                g_DataBuffer
 .data          0x00000000001ba180     0x8df0 obj/SMS_GSFont.o
                0x00000000001bb6a8                g_1250
                0x00000000001bd4e0                g_1251
                0x00000000001ba180                g_ASCII
                0x00000000001bf390                g_1252
                0x00000000001c11c8                g_1253
 .data          0x00000000001c2f70     0x4320 obj/SMS_GUIcons.o
                0x00000000001c2f70                g_IconBall
 .data          0x00000000001c7290      0x7f0 obj/SMS_ConfigIcon.o
                0x00000000001c7290                g_IconSMS
 .data          0x00000000001c7a80     0x1240 obj/SMS_GUI.o
                0x00000000001c7bc0                g_PadBuf1
 .data          0x00000000001c8cc0        0xc obj/SMS_GUIDesktop.o
 *fill*         0x00000000001c8ccc        0x4 00
 .data          0x00000000001c8cd0       0x10 obj/SMS_GUIFileMenu.o
 .data          0x00000000001c8ce0     0x14f0 obj/SMS_Locale.o
                0x00000000001c8d97                g_pSrtStr
                0x00000000001c8d87                g_pMP3Str
                0x00000000001c8d80                g_pM3UStr
                0x00000000001c8d2f                g_pDefMask
                0x00000000001c8cf1                g_ColonStr
                0x00000000001c8d93                g_pSubStr
                0x00000000001c8cfe                g_StatuslStr
                0x00000000001c8d06                g_DevMenuStr
                0x00000000001c8d16                g_SMSMenuStr
                0x00000000001c8cf3                g_ColonSStr
                0x00000000001c8d84                g_pPercDStr
                0x00000000001c8d78                g_pExtInfStr
                0x00000000001c8d3f                g_pDefGW
                0x00000000001c8d70                g_pExtM3UStr
                0x00000000001c8d6c                g_pAVIStr
                0x00000000001c8cef                g_BSlashStr
                0x00000000001c8d6a                g_DotStr
                0x00000000001c8d4f                g_pIPConf
                0x00000000001c8cf6                g_DesktopStr
                0x00000000001c8d9f                g_pBXDATASYS
                0x00000000001c8d8b                g_pCmdPrcStr
                0x00000000001c9794                g_pDefStr
                0x00000000001c8ced                g_SlashStr
                0x00000000001c8cec                g_EmptyStr
                0x00000000001c8d9b                g_pTxtStr
                0x00000000001c8d1f                g_pDefIP
                0x00000000001c8d0e                g_FilMenuStr
 .data          0x00000000001ca1d0       0x90 obj/SMS_FileDir.o
                0x00000000001ca200                g_pCDDAFS
                0x00000000001ca1e8                g_pCDDA
                0x00000000001ca1f8                g_pDVD
                0x00000000001ca1d0                g_pUSB
                0x00000000001ca1d8                g_pCDROM
                0x00000000001ca20c                g_pSMB
                0x00000000001ca1e0                g_pHDD0
                0x00000000001ca214                g_pSMBS
                0x00000000001ca1f0                g_pHOST
 .data          0x00000000001ca260      0xd08 obj/SMS_GUIMenuSMS.o
 .data          0x00000000001caf68      0x208 obj/SMS_PlayerMenu.o
 *fill*         0x00000000001cb170       0x10 00
 .data          0x00000000001cb180    0x11500 obj/SMS_Sounds.o
                0x00000000001cb1c0                g_SMSounds
                0x00000000001cb180                g_SMSound
 .data          0x00000000001dc680      0xc60 obj/SMS_DSP_FFT.o
 .data          0x00000000001dd2e0       0x30 obj/SMS_GUIFileCtxMenu.o
 .data          0x00000000001dd310       0x48 obj/SMS_RC.o
 .data          0x00000000001dd358      0x600 obj/SMS_InverseCodePages.o
 *fill*         0x00000000001dd958        0x8 00
 .data          0x00000000001dd960       0x50 obj/SMS_DXSB.o
 .data          0x00000000001dd9b0       0x58 C:/msys/1.0/local/ps2dev/ps2sdk/ee/lib\libhdd.a(libhdd.o)
 .data          0x00000000001dda08        0xc C:/msys/1.0/local/ps2dev/ps2sdk/ee/lib\libpoweroff.a(poweroff.o)
 *fill*         0x00000000001dda14        0x4 00
 .data          0x00000000001dda18       0x80 C:/msys/1.0/local/ps2dev/ps2sdk/ee/lib\libpatches.a(patch_enable_lmb.o)
 .data          0x00000000001dda98        0x8 C:/msys/1.0/local/ps2dev/ps2sdk/ee/lib\libpatches.a(slib.o)
                0x00000000001dda98                _slib_cur_exp_lib_list
 .data          0x00000000001ddaa0        0x8 C:/msys/1.0/local/ps2dev/ps2sdk/ee/lib\libfileXio.a(fileXio_rpc.o)
 .data          0x00000000001ddaa8        0xc C:/msys/1.0/local/ps2dev/ps2sdk/ee/lib\libc.a(malloc.o)
                0x00000000001ddaac                __alloc_heap_head
                0x00000000001ddaa8                __alloc_heap_base
                0x00000000001ddab0                __alloc_heap_tail
 .data          0x00000000001ddab4        0x4 C:/msys/1.0/local/ps2dev/ps2sdk/ee/lib\libc.a(__alloc_internals.o)
 .data          0x00000000001ddab8        0x4 C:/msys/1.0/local/ps2dev/ps2sdk/ee/lib\libc.a(sbrk.o)
 *fill*         0x00000000001ddabc        0x4 00
 .data          0x00000000001ddac0      0x248 C:/msys/1.0/local/ps2dev/ps2sdk/ee/lib\libc.a(vxprintf.o)
 .data          0x00000000001ddd08       0x88 C:/msys/1.0/local/ps2dev/ps2sdk/ee/lib\libc.a(_sjis_internals.o)
                0x00000000001ddd08                sjis_conversion
 .data          0x00000000001ddd90        0xc C:/msys/1.0/local/ps2dev/ps2sdk/ee/lib\libc.a(__stdlib_internals.o)
                0x00000000001ddd98                __stdlib_rand_seed
                0x00000000001ddd90                __stdlib_exit_index
                0x00000000001ddd94                __stdlib_mb_shift
 *fill*         0x00000000001ddd9c        0x4 00
 .data          0x00000000001ddda0      0x1a0 C:/msys/1.0/local/ps2dev/ps2sdk/ee/lib\libc.a(getfdtype.o)
                0x00000000001ddda0                __direct_pwd
 .data          0x00000000001ddf40      0x188 C:/msys/1.0/local/ps2dev/ps2sdk/ee/lib\libc.a(stdio.o)
                0x00000000001ddf40                __stdio_initialised
                0x00000000001ddf48                __iob
 .data          0x00000000001de0c8        0x4 C:/msys/1.0/local/ps2dev/ps2sdk/ee/lib\libkernel.a(errno.o)
                0x00000000001de0c8                errno
 *fill*         0x00000000001de0cc        0x4 00
 .data          0x00000000001de0d0       0x38 C:/msys/1.0/local/ps2dev/ps2sdk/ee/lib\libkernel.a(SifRpcMain.o)
                0x00000000001de0d0                _sif_rpc_data
 .data          0x00000000001de108        0x8 C:/msys/1.0/local/ps2dev/ps2sdk/ee/lib\libkernel.a(SifInitIopHeap.o)
                0x00000000001de108                _ih_caps
 .data          0x00000000001de110        0x4 C:/msys/1.0/local/ps2dev/ps2sdk/ee/lib\libkernel.a(__iop_control_internals.o)
                0x00000000001de110                _iop_reboot_count
 *fill*         0x00000000001de114        0x4 00
 .data          0x00000000001de118       0x30 C:/msys/1.0/local/ps2dev/ps2sdk/ee/lib\libkernel.a(sif_cmd_main.o)
                0x00000000001de118                _sif_cmd_data
 .data          0x00000000001de148        0x4 C:/msys/1.0/local/ps2dev/ps2sdk/ee/lib\libkernel.a(__fio_internals.o)
                0x00000000001de148                _fio_init
 .data          0x00000000001de14c        0x4 C:/msys/1.0/local/ps2dev/ps2sdk/ee/lib\libkernel.a(fio_init.o)
 .data          0x00000000001de150        0x8 C:/msys/1.0/local/ps2dev/ps2sdk/ee/lib\libkernel.a(SifLoadFileInit.o)
                0x00000000001de150                _lf_init
 .data          0x00000000001de158       0x60 C:\msys\1.0\local\ps2dev\ee\bin\..\lib\gcc-lib\ee\3.2.2\libgcc.a(_divdi3.o)
                0x00000000001de158                _GLOBAL__F___divdi3
 .data          0x00000000001de1b8       0x60 C:\msys\1.0\local\ps2dev\ee\bin\..\lib\gcc-lib\ee\3.2.2\libgcc.a(_moddi3.o)
                0x00000000001de1b8                _GLOBAL__F___moddi3
 .data          0x00000000001de218       0x58 C:\msys\1.0\local\ps2dev\ee\bin\..\lib\gcc-lib\ee\3.2.2\libgcc.a(_udivdi3.o)
                0x00000000001de218                _GLOBAL__F___udivdi3
 .data          0x00000000001de270       0x58 C:\msys\1.0\local\ps2dev\ee\bin\..\lib\gcc-lib\ee\3.2.2\libgcc.a(_umoddi3.o)
                0x00000000001de270                _GLOBAL__F___umoddi3
 *(.data.*)
 *(.gnu.linkonce.d*)

.jcr            0x00000000001de2c8        0x4
 .jcr           0x00000000001de2c8        0x4 C:\msys\1.0\local\ps2dev\ee\bin\..\lib\gcc-lib\ee\3.2.2\crtend.o

.rdata
 *(.rdata)

.gcc_except_table
 *(.gcc_except_table)
                0x00000000001e62f0                _gp = (ALIGN (0x80) + 0x7ff0)

.lit4           0x00000000001de300       0x18
 *(.lit4)
 .lit4          0x00000000001de300        0x4 obj/SMS_IPU.o
 .lit4          0x00000000001de304        0x4 obj/SMS_PlayerBallSim.o
 .lit4          0x00000000001de308        0x8 obj/SMS_GUIMiniBrowser.o
 .lit4          0x00000000001de310        0x8 obj/SMS_GUIFileCtxMenu.o

.lit8
 *(.lit8)

.sdata          0x00000000001de380     0x8f10
 *(.sdata)
 .sdata         0x00000000001de380       0x70 obj/SMS_GS_0.o
 .sdata         0x00000000001de3f0      0x2a0 obj/SMS_GS_1.o
                0x00000000001de3f0                g_GSCtx
 .sdata         0x00000000001de690       0x18 obj/SMS_GS_2.o
 *fill*         0x00000000001de6a8       0x18 00
 .sdata         0x00000000001de6c0      0x1c0 obj/SMS_IPU.o
 .sdata         0x00000000001de880      0x9a0 obj/SMS_MP123Core.o
 .sdata         0x00000000001df220       0x38 obj/SMS_FileContext.o
 .sdata         0x00000000001df258       0x20 obj/SMS_H263.o
 .sdata         0x00000000001df278      0x100 obj/SMS_DSP.o
                0x00000000001df2f8                g_SMS_DSP_alternate_vertical_scan
                0x00000000001df2b8                g_SMS_DSP_alternate_horizontal_scan
                0x00000000001df278                g_SMS_DSP_zigzag_direct
 *fill*         0x00000000001df378        0x8 00
 .sdata         0x00000000001df380     0x2050 obj/SMS_DSP_MMI.o
                0x00000000001df938                DSP_PutPixels16
                0x00000000001df9e0                DSP_PutPixels16X
                0x00000000001e0984                DSP_GMC1_16
                0x00000000001e00dc                DSP_PutNoRndPixels16XY
                0x00000000001dff8c                DSP_PutNoRndPixels16Y
                0x00000000001dfe7c                DSP_PutNoRndPixels16X
                0x00000000001e001c                DSP_PutNoRndPixels8Y
                0x00000000001e02d0                DSP_AvgPixels16
                0x00000000001e03f0                DSP_AvgPixels16X
                0x00000000001dfc80                DSP_PutPixels16XY
                0x00000000001dfa68                DSP_PutPixels8X
                0x00000000001e0f48                DSP_PutNoRndPixels8XY_16
                0x00000000001e1108                DSP_AvgPixels8Y_16
                0x00000000001e12e8                DSP_PackMB
                0x00000000001e1280                DSP_GetMB
                0x00000000001dfb10                DSP_PutPixels16Y
                0x00000000001e0e50                DSP_PutNoRndPixels8X_16
                0x00000000001e0728                DSP_AvgPixels16XY
                0x00000000001e0abc                DSP_GMC1_8
                0x00000000001dfd60                DSP_PutPixels8XY
                0x00000000001e049c                DSP_AvgPixels8X
                0x00000000001e1078                DSP_AvgPixels8X_16
                0x00000000001e0834                DSP_AvgPixels8XY
                0x00000000001e0c2c                DSP_PutPixels8_16
                0x00000000001df3a0                IDCT
                0x00000000001e0630                DSP_AvgPixels8Y
                0x00000000001e0ec0                DSP_PutNoRndPixels8Y_16
                0x00000000001e1000                DSP_AvgPixels8_16
                0x00000000001e11b0                DSP_AvgPixels8XY_16
                0x00000000001e0cfc                DSP_PutPixels8Y_16
                0x00000000001e0350                DSP_AvgPixels8
                0x00000000001e056c                DSP_AvgPixels16Y
                0x00000000001e0d90                DSP_PutPixels8XY_16
                0x00000000001dfbb0                DSP_PutPixels8Y
                0x00000000001df980                DSP_PutPixels8
                0x00000000001e01b8                DSP_PutNoRndPixels8XY
                0x00000000001dfef4                DSP_PutNoRndPixels8X
                0x00000000001e0c80                DSP_PutPixels8X_16
 .sdata         0x00000000001e13d0       0x30 obj/SMS_MPEG.o
 .sdata         0x00000000001e1400      0x5a8 obj/SMS_MPEG4.o
                0x00000000001e1898                s_default_non_intra_matrix
                0x00000000001e1818                s_default_intra_matrix
                0x00000000001e1970                s_mpeg4_resync_prefix
 .sdata         0x00000000001e19a8     0x2740 obj/SMS_MP123.o
                0x00000000001e3580                s_pMap
                0x00000000001e35f0                s_pMapEnd
                0x00000000001e1a68                s_BandInfo
                0x00000000001e19a8                g_mpa_freq_tab
                0x00000000001e19b0                g_mpa_bitrate_tab
 .sdata         0x00000000001e40e8       0x68 obj/SMS_SPU.o
 *fill*         0x00000000001e4150       0x30 00
 .sdata         0x00000000001e4180       0x40 obj/SMS_CDDA.o
 .sdata         0x00000000001e41c0       0xd0 obj/SMS_Codec.o
 .sdata         0x00000000001e4290      0xff8 obj/SMS_AC3.o
                0x00000000001e4290                g_AC3Channels
 .sdata         0x00000000001e5288      0xff0 obj/SMS_AC3_imdct.o
 .sdata         0x00000000001e6278      0x4e8 obj/SMS_MSMPEG4.o
 .sdata         0x00000000001e6760       0x70 obj/SMS_PlayerControl.o
 .sdata         0x00000000001e67d0        0x4 obj/SMS_EE.o
 *fill*         0x00000000001e67d4        0x4 00
 .sdata         0x00000000001e67d8       0x10 obj/SMS_IOP.o
 .sdata         0x00000000001e67e8       0x18 obj/SMS_Container.o
 .sdata         0x00000000001e6800      0x770 obj/SMS_GUIcons.o
 .sdata         0x00000000001e6f70       0x18 obj/SMS_GUI.o
 .sdata         0x00000000001e6f88       0x68 obj/SMS_GUIFileMenu.o
 .sdata         0x00000000001e6ff0       0x30 obj/SMS_FileDir.o
                0x00000000001e6ff0                g_pDevName
 .sdata         0x00000000001e7020       0x90 obj/SMS_GUIMenuSMS.o
                0x00000000001e7040                g_StrPlayer
 .sdata         0x00000000001e70b0       0x90 obj/SMS_SubtitleContext.o
 .sdata         0x00000000001e7140       0x40 obj/SMS_Spectrum.o
 .sdata         0x00000000001e7180        0x8 obj/SMS_RC.o
                0x00000000001e7180                RC_Read
 .sdata         0x00000000001e7188        0x4 obj/SMS_RC_0.o
 .sdata         0x00000000001e718c        0x1 obj/SMS_InverseCodePages.o
 *fill*         0x00000000001e718d        0x3 00
 .sdata         0x00000000001e7190        0x8 obj/SMS_ContainerMPEG_PS.o
 .sdata         0x00000000001e7198        0x8 obj/SMS_MPEG12.o
 .sdata         0x00000000001e71a0       0xa0 obj/libmpeg.o
 .sdata         0x00000000001e7240       0x50 obj/libmpeg_core.o
 *(.sdata.*)
 *(.gnu.linkonce.s*)
                0x00000000001e7290                _edata = .
                0x00000000001e7290                PROVIDE (edata, .)

.sbss           0x00000000001e7300     0x6c90
                0x00000000001e7300                _fbss = .
 *(.sbss)
 .sbss          0x00000000001e7300       0xd0 obj/SMS_GS_1.o
 .sbss          0x00000000001e73d0       0x60 obj/SMS_Timer.o
                0x00000000001e73d0                g_Timer
 .sbss          0x00000000001e7430       0x20 obj/SMS_IPU.o